Archive member included to satisfy reference by file (symbol)

C:/ST/STM32CubeCLT_1.17.0/GNU-tools-for-STM32/bin/../lib/gcc/arm-none-eabi/12.3.1/../../../../arm-none-eabi/lib/thumb/v7-m/nofp\libc_nano.a(libc_a-exit.o)
                              C:/ST/STM32CubeCLT_1.17.0/GNU-tools-for-STM32/bin/../lib/gcc/arm-none-eabi/12.3.1/../../../../arm-none-eabi/lib/thumb/v7-m/nofp/crt0.o (exit)
C:/ST/STM32CubeCLT_1.17.0/GNU-tools-for-STM32/bin/../lib/gcc/arm-none-eabi/12.3.1/../../../../arm-none-eabi/lib/thumb/v7-m/nofp\libc_nano.a(libc_a-findfp.o)
                              C:/ST/STM32CubeCLT_1.17.0/GNU-tools-for-STM32/bin/../lib/gcc/arm-none-eabi/12.3.1/../../../../arm-none-eabi/lib/thumb/v7-m/nofp\libc_nano.a(libc_a-exit.o) (__stdio_exit_handler)
C:/ST/STM32CubeCLT_1.17.0/GNU-tools-for-STM32/bin/../lib/gcc/arm-none-eabi/12.3.1/../../../../arm-none-eabi/lib/thumb/v7-m/nofp\libc_nano.a(libc_a-fwalk.o)
                              C:/ST/STM32CubeCLT_1.17.0/GNU-tools-for-STM32/bin/../lib/gcc/arm-none-eabi/12.3.1/../../../../arm-none-eabi/lib/thumb/v7-m/nofp\libc_nano.a(libc_a-findfp.o) (_fwalk_sglue)
C:/ST/STM32CubeCLT_1.17.0/GNU-tools-for-STM32/bin/../lib/gcc/arm-none-eabi/12.3.1/../../../../arm-none-eabi/lib/thumb/v7-m/nofp\libc_nano.a(libc_a-stdio.o)
                              C:/ST/STM32CubeCLT_1.17.0/GNU-tools-for-STM32/bin/../lib/gcc/arm-none-eabi/12.3.1/../../../../arm-none-eabi/lib/thumb/v7-m/nofp\libc_nano.a(libc_a-findfp.o) (__sread)
C:/ST/STM32CubeCLT_1.17.0/GNU-tools-for-STM32/bin/../lib/gcc/arm-none-eabi/12.3.1/../../../../arm-none-eabi/lib/thumb/v7-m/nofp\libc_nano.a(libc_a-memset.o)
                              C:/ST/STM32CubeCLT_1.17.0/GNU-tools-for-STM32/bin/../lib/gcc/arm-none-eabi/12.3.1/../../../../arm-none-eabi/lib/thumb/v7-m/nofp/crt0.o (memset)
C:/ST/STM32CubeCLT_1.17.0/GNU-tools-for-STM32/bin/../lib/gcc/arm-none-eabi/12.3.1/../../../../arm-none-eabi/lib/thumb/v7-m/nofp\libc_nano.a(libc_a-closer.o)
                              C:/ST/STM32CubeCLT_1.17.0/GNU-tools-for-STM32/bin/../lib/gcc/arm-none-eabi/12.3.1/../../../../arm-none-eabi/lib/thumb/v7-m/nofp\libc_nano.a(libc_a-stdio.o) (_close_r)
C:/ST/STM32CubeCLT_1.17.0/GNU-tools-for-STM32/bin/../lib/gcc/arm-none-eabi/12.3.1/../../../../arm-none-eabi/lib/thumb/v7-m/nofp\libc_nano.a(libc_a-reent.o)
                              C:/ST/STM32CubeCLT_1.17.0/GNU-tools-for-STM32/bin/../lib/gcc/arm-none-eabi/12.3.1/../../../../arm-none-eabi/lib/thumb/v7-m/nofp\libc_nano.a(libc_a-closer.o) (errno)
C:/ST/STM32CubeCLT_1.17.0/GNU-tools-for-STM32/bin/../lib/gcc/arm-none-eabi/12.3.1/../../../../arm-none-eabi/lib/thumb/v7-m/nofp\libc_nano.a(libc_a-impure.o)
                              C:/ST/STM32CubeCLT_1.17.0/GNU-tools-for-STM32/bin/../lib/gcc/arm-none-eabi/12.3.1/../../../../arm-none-eabi/lib/thumb/v7-m/nofp\libc_nano.a(libc_a-reent.o) (_impure_ptr)
C:/ST/STM32CubeCLT_1.17.0/GNU-tools-for-STM32/bin/../lib/gcc/arm-none-eabi/12.3.1/../../../../arm-none-eabi/lib/thumb/v7-m/nofp\libc_nano.a(libc_a-lseekr.o)
                              C:/ST/STM32CubeCLT_1.17.0/GNU-tools-for-STM32/bin/../lib/gcc/arm-none-eabi/12.3.1/../../../../arm-none-eabi/lib/thumb/v7-m/nofp\libc_nano.a(libc_a-stdio.o) (_lseek_r)
C:/ST/STM32CubeCLT_1.17.0/GNU-tools-for-STM32/bin/../lib/gcc/arm-none-eabi/12.3.1/../../../../arm-none-eabi/lib/thumb/v7-m/nofp\libc_nano.a(libc_a-readr.o)
                              C:/ST/STM32CubeCLT_1.17.0/GNU-tools-for-STM32/bin/../lib/gcc/arm-none-eabi/12.3.1/../../../../arm-none-eabi/lib/thumb/v7-m/nofp\libc_nano.a(libc_a-stdio.o) (_read_r)
C:/ST/STM32CubeCLT_1.17.0/GNU-tools-for-STM32/bin/../lib/gcc/arm-none-eabi/12.3.1/../../../../arm-none-eabi/lib/thumb/v7-m/nofp\libc_nano.a(libc_a-writer.o)
                              C:/ST/STM32CubeCLT_1.17.0/GNU-tools-for-STM32/bin/../lib/gcc/arm-none-eabi/12.3.1/../../../../arm-none-eabi/lib/thumb/v7-m/nofp\libc_nano.a(libc_a-stdio.o) (_write_r)
C:/ST/STM32CubeCLT_1.17.0/GNU-tools-for-STM32/bin/../lib/gcc/arm-none-eabi/12.3.1/../../../../arm-none-eabi/lib/thumb/v7-m/nofp\libc_nano.a(libc_a-init.o)
                              C:/ST/STM32CubeCLT_1.17.0/GNU-tools-for-STM32/bin/../lib/gcc/arm-none-eabi/12.3.1/../../../../arm-none-eabi/lib/thumb/v7-m/nofp/crt0.o (__libc_init_array)
C:/ST/STM32CubeCLT_1.17.0/GNU-tools-for-STM32/bin/../lib/gcc/arm-none-eabi/12.3.1/../../../../arm-none-eabi/lib/thumb/v7-m/nofp\libc_nano.a(libc_a-lock.o)
                              C:/ST/STM32CubeCLT_1.17.0/GNU-tools-for-STM32/bin/../lib/gcc/arm-none-eabi/12.3.1/../../../../arm-none-eabi/lib/thumb/v7-m/nofp\libc_nano.a(libc_a-findfp.o) (__retarget_lock_init_recursive)
C:/ST/STM32CubeCLT_1.17.0/GNU-tools-for-STM32/bin/../lib/gcc/arm-none-eabi/12.3.1/../../../../arm-none-eabi/lib/thumb/v7-m/nofp\libc_nano.a(libc_a-freer.o)
                              C:/ST/STM32CubeCLT_1.17.0/GNU-tools-for-STM32/bin/../lib/gcc/arm-none-eabi/12.3.1/../../../../arm-none-eabi/lib/thumb/v7-m/nofp\libc_nano.a(libc_a-reent.o) (_free_r)
[...]
Memory Configuration

Name             Origin             Length             Attributes
RAM              0x20000000         0x0000c000         xrw
FLASH            0x08000000         0x00040000         xr
*default*        0x00000000         0xffffffff

Linker script and memory map

LOAD C:/ST/STM32CubeCLT_1.17.0/GNU-tools-for-STM32/bin/../lib/gcc/arm-none-eabi/12.3.1/thumb/v7-m/nofp/crti.o
LOAD C:/ST/STM32CubeCLT_1.17.0/GNU-tools-for-STM32/bin/../lib/gcc/arm-none-eabi/12.3.1/thumb/v7-m/nofp/crtbegin.o
LOAD C:/ST/STM32CubeCLT_1.17.0/GNU-tools-for-STM32/bin/../lib/gcc/arm-none-eabi/12.3.1/../../../../arm-none-eabi/lib/thumb/v7-m/nofp/crt0.o
START GROUP
LOAD C:/ST/STM32CubeCLT_1.17.0/GNU-tools-for-STM32/bin/../lib/gcc/arm-none-eabi/12.3.1/../../../../arm-none-eabi/lib/thumb/v7-m/nofp\libc_nano.a
LOAD C:/ST/STM32CubeCLT_1.17.0/GNU-tools-for-STM32/bin/../lib/gcc/arm-none-eabi/12.3.1/../../../../arm-none-eabi/lib/thumb/v7-m/nofp\libm.a
END GROUP
LOAD cmake/stm32cubemx/CMakeFiles/STM32_Drivers.dir/__/__/Core/Src/system_stm32f1xx.c.obj
LOAD cmake/stm32cubemx/CMakeFiles/STM32_Drivers.dir/__/__/Drivers/STM32F1xx_HAL_Driver/Src/stm32f1xx_hal_gpio_ex.c.obj
LOAD cmake/stm32cubemx/CMakeFiles/STM32_Drivers.dir/__/__/Drivers/STM32F1xx_HAL_Driver/Src/stm32f1xx_hal_tim.c.obj
LOAD cmake/stm32cubemx/CMakeFiles/STM32_Drivers.dir/__/__/Drivers/STM32F1xx_HAL_Driver/Src/stm32f1xx_hal_tim_ex.c.obj
LOAD cmake/stm32cubemx/CMakeFiles/STM32_Drivers.dir/__/__/Drivers/STM32F1xx_HAL_Driver/Src/stm32f1xx_hal.c.obj
LOAD cmake/stm32cubemx/CMakeFiles/STM32_Drivers.dir/__/__/Drivers/STM32F1xx_HAL_Driver/Src/stm32f1xx_hal_rcc.c.obj
LOAD cmake/stm32cubemx/CMakeFiles/STM32_Drivers.dir/__/__/Drivers/STM32F1xx_HAL_Driver/Src/stm32f1xx_hal_rcc_ex.c.obj
LOAD cmake/stm32cubemx/CMakeFiles/STM32_Drivers.dir/__/__/Drivers/STM32F1xx_HAL_Driver/Src/stm32f1xx_hal_gpio.c.obj
LOAD cmake/stm32cubemx/CMakeFiles/STM32_Drivers.dir/__/__/Drivers/STM32F1xx_HAL_Driver/Src/stm32f1xx_hal_dma.c.obj
LOAD cmake/stm32cubemx/CMakeFiles/STM32_Drivers.dir/__/__/Drivers/STM32F1xx_HAL_Driver/Src/stm32f1xx_hal_cortex.c.obj
LOAD cmake/stm32cubemx/CMakeFiles/STM32_Drivers.dir/__/__/Drivers/STM32F1xx_HAL_Driver/Src/stm32f1xx_hal_pwr.c.obj
LOAD cmake/stm32cubemx/CMakeFiles/STM32_Drivers.dir/__/__/Drivers/STM32F1xx_HAL_Driver/Src/stm32f1xx_hal_flash.c.obj
LOAD cmake/stm32cubemx/CMakeFiles/STM32_Drivers.dir/__/__/Drivers/STM32F1xx_HAL_Driver/Src/stm32f1xx_hal_flash_ex.c.obj
LOAD cmake/stm32cubemx/CMakeFiles/STM32_Drivers.dir/__/__/Drivers/STM32F1xx_HAL_Driver/Src/stm32f1xx_hal_exti.c.obj
LOAD cmake/stm32cubemx/CMakeFiles/STM32_Drivers.dir/__/__/Drivers/STM32F1xx_HAL_Driver/Src/stm32f1xx_hal_uart.c.obj
LOAD cmake/stm32cubemx/CMakeFiles/FreeRTOS.dir/__/__/Middlewares/Third_Party/FreeRTOS/Source/croutine.c.obj
LOAD cmake/stm32cubemx/CMakeFiles/FreeRTOS.dir/__/__/Middlewares/Third_Party/FreeRTOS/Source/event_groups.c.obj
LOAD cmake/stm32cubemx/CMakeFiles/FreeRTOS.dir/__/__/Middlewares/Third_Party/FreeRTOS/Source/list.c.obj
LOAD cmake/stm32cubemx/CMakeFiles/FreeRTOS.dir/__/__/Middlewares/Third_Party/FreeRTOS/Source/queue.c.obj
LOAD cmake/stm32cubemx/CMakeFiles/FreeRTOS.dir/__/__/Middlewares/Third_Party/FreeRTOS/Source/stream_buffer.c.obj
LOAD cmake/stm32cubemx/CMakeFiles/FreeRTOS.dir/__/__/Middlewares/Third_Party/FreeRTOS/Source/tasks.c.obj
LOAD cmake/stm32cubemx/CMakeFiles/FreeRTOS.dir/__/__/Middlewares/Third_Party/FreeRTOS/Source/timers.c.obj
LOAD cmake/stm32cubemx/CMakeFiles/FreeRTOS.dir/__/__/Middlewares/Third_Party/FreeRTOS/Source/CMSIS_RTOS/cmsis_os.c.obj
LOAD cmake/stm32cubemx/CMakeFiles/FreeRTOS.dir/__/__/Middlewares/Third_Party/FreeRTOS/Source/portable/MemMang/heap_4.c.obj
LOAD cmake/stm32cubemx/CMakeFiles/FreeRTOS.dir/__/__/Middlewares/Third_Party/FreeRTOS/Source/portable/GCC/ARM_CM3/port.c.obj
LOAD CMakeFiles/Motion_Control_Card.dir/Core/Src/main.c.obj
LOAD CMakeFiles/Motion_Control_Card.dir/Core/Src/gpio.c.obj
LOAD CMakeFiles/Motion_Control_Card.dir/Core/Src/freertos.c.obj
LOAD CMakeFiles/Motion_Control_Card.dir/Core/Src/dma.c.obj
LOAD CMakeFiles/Motion_Control_Card.dir/Core/Src/tim.c.obj
LOAD CMakeFiles/Motion_Control_Card.dir/Core/Src/usart.c.obj
LOAD CMakeFiles/Motion_Control_Card.dir/Core/Src/stm32f1xx_it.c.obj
LOAD CMakeFiles/Motion_Control_Card.dir/Core/Src/stm32f1xx_hal_msp.c.obj
LOAD CMakeFiles/Motion_Control_Card.dir/Core/Src/stm32f1xx_hal_timebase_tim.c.obj
LOAD CMakeFiles/Motion_Control_Card.dir/Core/Src/sysmem.c.obj
LOAD CMakeFiles/Motion_Control_Card.dir/Core/Src/syscalls.c.obj
LOAD CMakeFiles/Motion_Control_Card.dir/startup_stm32f103xe.s.obj
LOAD CMakeFiles/Motion_Control_Card.dir/Applications/control.c.obj
LOAD CMakeFiles/Motion_Control_Card.dir/Applications/include.c.obj
LOAD CMakeFiles/Motion_Control_Card.dir/Applications/math.c.obj
LOAD CMakeFiles/Motion_Control_Card.dir/Hardware/H_Tmc2209.c.obj
LOAD CMakeFiles/Motion_Control_Card.dir/Hardware/INPUT.c.obj
LOAD CMakeFiles/Motion_Control_Card.dir/Hardware/OUTPUT.c.obj
LOAD CMakeFiles/Motion_Control_Card.dir/Hardware/Serial.c.obj
START GROUP
LOAD C:/ST/STM32CubeCLT_1.17.0/GNU-tools-for-STM32/bin/../lib/gcc/arm-none-eabi/12.3.1/thumb/v7-m/nofp\libgcc.a
LOAD C:/ST/STM32CubeCLT_1.17.0/GNU-tools-for-STM32/bin/../lib/gcc/arm-none-eabi/12.3.1/../../../../arm-none-eabi/lib/thumb/v7-m/nofp\libg_nano.a
LOAD C:/ST/STM32CubeCLT_1.17.0/GNU-tools-for-STM32/bin/../lib/gcc/arm-none-eabi/12.3.1/../../../../arm-none-eabi/lib/thumb/v7-m/nofp\libc_nano.a
END GROUP
START GROUP
LOAD C:/ST/STM32CubeCLT_1.17.0/GNU-tools-for-STM32/bin/../lib/gcc/arm-none-eabi/12.3.1/thumb/v7-m/nofp\libgcc.a
LOAD C:/ST/STM32CubeCLT_1.17.0/GNU-tools-for-STM32/bin/../lib/gcc/arm-none-eabi/12.3.1/../../../../arm-none-eabi/lib/thumb/v7-m/nofp\libc_nano.a
END GROUP
LOAD C:/ST/STM32CubeCLT_1.17.0/GNU-tools-for-STM32/bin/../lib/gcc/arm-none-eabi/12.3.1/thumb/v7-m/nofp/crtend.o
LOAD C:/ST/STM32CubeCLT_1.17.0/GNU-tools-for-STM32/bin/../lib/gcc/arm-none-eabi/12.3.1/thumb/v7-m/nofp/crtn.o
                0x2000c000                        _estack = (ORIGIN (RAM) + LENGTH (RAM))
                0x00000200                        _Min_Heap_Size = 0x200
                0x00000400                        _Min_Stack_Size = 0x400

.isr_vector     0x08000000      0x1e4
                0x08000000                        . = ALIGN (0x4)
 *(.isr_vector)
 .isr_vector    0x08000000      0x1e4 CMakeFiles/Motion_Control_Card.dir/startup_stm32f103xe.s.obj
                0x08000000                g_pfnVectors
                0x080001e4                        . = ALIGN (0x4)

.text           0x080001f0     0x73f4
                0x080001f0                        . = ALIGN (0x4)
 *(.text)
 .text          0x080001f0       0x40 C:/ST/STM32CubeCLT_1.17.0/GNU-tools-for-STM32/bin/../lib/gcc/arm-none-eabi/12.3.1/thumb/v7-m/nofp/crtbegin.o
 *(.text*)
 .text.memset   0x08000230       0x10 C:/ST/STM32CubeCLT_1.17.0/GNU-tools-for-STM32/bin/../lib/gcc/arm-none-eabi/12.3.1/../../../../arm-none-eabi/lib/thumb/v7-m/nofp\libc_nano.a(libc_a-memset.o)
                0x08000230                memset
 .text.__libc_init_array
                0x08000240       0x48 C:/ST/STM32CubeCLT_1.17.0/GNU-tools-for-STM32/bin/../lib/gcc/arm-none-eabi/12.3.1/../../../../arm-none-eabi/lib/thumb/v7-m/nofp\libc_nano.a(libc_a-init.o)
                0x08000240                __libc_init_array
 .text.SystemInit
                0x08000288        0xc cmake/stm32cubemx/CMakeFiles/STM32_Drivers.dir/__/__/Core/Src/system_stm32f1xx.c.obj
                0x08000288                SystemInit
 .text.HAL_TIM_Base_Init
                0x08000294       0x9e cmake/stm32cubemx/CMakeFiles/STM32_Drivers.dir/__/__/Drivers/STM32F1xx_HAL_Driver/Src/stm32f1xx_hal_tim.c.obj
                0x08000294                HAL_TIM_Base_Init
 *fill*         0x08000332        0x2 
 .text.HAL_TIM_Base_Start_IT
                0x08000334       0xc0 cmake/stm32cubemx/CMakeFiles/STM32_Drivers.dir/__/__/Drivers/STM32F1xx_HAL_Driver/Src/stm32f1xx_hal_tim.c.obj
                0x08000334                HAL_TIM_Base_Start_IT
 .text.HAL_TIM_Base_Stop_IT
                0x080003f4       0x5c cmake/stm32cubemx/CMakeFiles/STM32_Drivers.dir/__/__/Drivers/STM32F1xx_HAL_Driver/Src/stm32f1xx_hal_tim.c.obj
                0x080003f4                HAL_TIM_Base_Stop_IT
 .text.HAL_TIM_PWM_Init
                0x08000450       0x9e cmake/stm32cubemx/CMakeFiles/STM32_Drivers.dir/__/__/Drivers/STM32F1xx_HAL_Driver/Src/stm32f1xx_hal_tim.c.obj
                0x08000450                HAL_TIM_PWM_Init
 *fill*         0x080004ee        0x2 
 .text.HAL_TIM_PWM_Start
                0x080004f0      0x174 cmake/stm32cubemx/CMakeFiles/STM32_Drivers.dir/__/__/Drivers/STM32F1xx_HAL_Driver/Src/stm32f1xx_hal_tim.c.obj
                0x080004f0                HAL_TIM_PWM_Start
 .text.HAL_TIM_PWM_Stop
                0x08000664       0xe0 cmake/stm32cubemx/CMakeFiles/STM32_Drivers.dir/__/__/Drivers/STM32F1xx_HAL_Driver/Src/stm32f1xx_hal_tim.c.obj
                0x08000664                HAL_TIM_PWM_Stop
 .text.HAL_TIM_IRQHandler
                0x08000744      0x1e0 cmake/stm32cubemx/CMakeFiles/STM32_Drivers.dir/__/__/Drivers/STM32F1xx_HAL_Driver/Src/stm32f1xx_hal_tim.c.obj
                0x08000744                HAL_TIM_IRQHandler
 .text.HAL_TIM_PWM_ConfigChannel
                0x08000924      0x184 cmake/stm32cubemx/CMakeFiles/STM32_Drivers.dir/__/__/Drivers/STM32F1xx_HAL_Driver/Src/stm32f1xx_hal_tim.c.obj
                0x08000924                HAL_TIM_PWM_ConfigChannel
 .text.HAL_TIM_ConfigClockSource
                0x08000aa8      0x18e cmake/stm32cubemx/CMakeFiles/STM32_Drivers.dir/__/__/Drivers/STM32F1xx_HAL_Driver/Src/stm32f1xx_hal_tim.c.obj
                0x08000aa8                HAL_TIM_ConfigClockSource
 .text.HAL_TIM_OC_DelayElapsedCallback
                0x08000c36       0x12 cmake/stm32cubemx/CMakeFiles/STM32_Drivers.dir/__/__/Drivers/STM32F1xx_HAL_Driver/Src/stm32f1xx_hal_tim.c.obj
                0x08000c36                HAL_TIM_OC_DelayElapsedCallback
 .text.HAL_TIM_IC_CaptureCallback
                0x08000c48       0x12 cmake/stm32cubemx/CMakeFiles/STM32_Drivers.dir/__/__/Drivers/STM32F1xx_HAL_Driver/Src/stm32f1xx_hal_tim.c.obj
                0x08000c48                HAL_TIM_IC_CaptureCallback
 .text.HAL_TIM_PWM_PulseFinishedCallback
                0x08000c5a       0x12 cmake/stm32cubemx/CMakeFiles/STM32_Drivers.dir/__/__/Drivers/STM32F1xx_HAL_Driver/Src/stm32f1xx_hal_tim.c.obj
                0x08000c5a                HAL_TIM_PWM_PulseFinishedCallback
 .text.HAL_TIM_TriggerCallback
                0x08000c6c       0x12 cmake/stm32cubemx/CMakeFiles/STM32_Drivers.dir/__/__/Drivers/STM32F1xx_HAL_Driver/Src/stm32f1xx_hal_tim.c.obj
                0x08000c6c                HAL_TIM_TriggerCallback
 *fill*         0x08000c7e        0x2 
 .text.TIM_Base_SetConfig
                0x08000c80      0x10c cmake/stm32cubemx/CMakeFiles/STM32_Drivers.dir/__/__/Drivers/STM32F1xx_HAL_Driver/Src/stm32f1xx_hal_tim.c.obj
                0x08000c80                TIM_Base_SetConfig
 .text.TIM_OC1_SetConfig
                0x08000d8c       0xe0 cmake/stm32cubemx/CMakeFiles/STM32_Drivers.dir/__/__/Drivers/STM32F1xx_HAL_Driver/Src/stm32f1xx_hal_tim.c.obj
 .text.TIM_OC2_SetConfig
                0x08000e6c       0xe8 cmake/stm32cubemx/CMakeFiles/STM32_Drivers.dir/__/__/Drivers/STM32F1xx_HAL_Driver/Src/stm32f1xx_hal_tim.c.obj
                0x08000e6c                TIM_OC2_SetConfig
 .text.TIM_OC3_SetConfig
                0x08000f54       0xe8 cmake/stm32cubemx/CMakeFiles/STM32_Drivers.dir/__/__/Drivers/STM32F1xx_HAL_Driver/Src/stm32f1xx_hal_tim.c.obj
 .text.TIM_OC4_SetConfig
                0x0800103c       0xa8 cmake/stm32cubemx/CMakeFiles/STM32_Drivers.dir/__/__/Drivers/STM32F1xx_HAL_Driver/Src/stm32f1xx_hal_tim.c.obj
 .text.TIM_TI1_ConfigInputStage
                0x080010e4       0x5c cmake/stm32cubemx/CMakeFiles/STM32_Drivers.dir/__/__/Drivers/STM32F1xx_HAL_Driver/Src/stm32f1xx_hal_tim.c.obj
 .text.TIM_TI2_ConfigInputStage
                0x08001140       0x5e cmake/stm32cubemx/CMakeFiles/STM32_Drivers.dir/__/__/Drivers/STM32F1xx_HAL_Driver/Src/stm32f1xx_hal_tim.c.obj
 .text.TIM_ITRx_SetConfig
                0x0800119e       0x34 cmake/stm32cubemx/CMakeFiles/STM32_Drivers.dir/__/__/Drivers/STM32F1xx_HAL_Driver/Src/stm32f1xx_hal_tim.c.obj
 .text.TIM_ETR_SetConfig
                0x080011d2       0x3e cmake/stm32cubemx/CMakeFiles/STM32_Drivers.dir/__/__/Drivers/STM32F1xx_HAL_Driver/Src/stm32f1xx_hal_tim.c.obj
                0x080011d2                TIM_ETR_SetConfig
 .text.TIM_CCxChannelCmd
                0x08001210       0x48 cmake/stm32cubemx/CMakeFiles/STM32_Drivers.dir/__/__/Drivers/STM32F1xx_HAL_Driver/Src/stm32f1xx_hal_tim.c.obj
                0x08001210                TIM_CCxChannelCmd
 .text.HAL_TIMEx_MasterConfigSynchronization
                0x08001258       0xd8 cmake/stm32cubemx/CMakeFiles/STM32_Drivers.dir/__/__/Drivers/STM32F1xx_HAL_Driver/Src/stm32f1xx_hal_tim_ex.c.obj
                0x08001258                HAL_TIMEx_MasterConfigSynchronization
 .text.HAL_TIMEx_ConfigBreakDeadTime
                0x08001330       0xa2 cmake/stm32cubemx/CMakeFiles/STM32_Drivers.dir/__/__/Drivers/STM32F1xx_HAL_Driver/Src/stm32f1xx_hal_tim_ex.c.obj
                0x08001330                HAL_TIMEx_ConfigBreakDeadTime
 .text.HAL_TIMEx_CommutCallback
                0x080013d2       0x12 cmake/stm32cubemx/CMakeFiles/STM32_Drivers.dir/__/__/Drivers/STM32F1xx_HAL_Driver/Src/stm32f1xx_hal_tim_ex.c.obj
                0x080013d2                HAL_TIMEx_CommutCallback
 .text.HAL_TIMEx_BreakCallback
                0x080013e4       0x12 cmake/stm32cubemx/CMakeFiles/STM32_Drivers.dir/__/__/Drivers/STM32F1xx_HAL_Driver/Src/stm32f1xx_hal_tim_ex.c.obj
                0x080013e4                HAL_TIMEx_BreakCallback
 *fill*         0x080013f6        0x2 
 .text.HAL_Init
                0x080013f8       0x2c cmake/stm32cubemx/CMakeFiles/STM32_Drivers.dir/__/__/Drivers/STM32F1xx_HAL_Driver/Src/stm32f1xx_hal.c.obj
                0x080013f8                HAL_Init
 .text.HAL_IncTick
                0x08001424       0x24 cmake/stm32cubemx/CMakeFiles/STM32_Drivers.dir/__/__/Drivers/STM32F1xx_HAL_Driver/Src/stm32f1xx_hal.c.obj
                0x08001424                HAL_IncTick
 .text.HAL_GetTick
                0x08001448       0x14 cmake/stm32cubemx/CMakeFiles/STM32_Drivers.dir/__/__/Drivers/STM32F1xx_HAL_Driver/Src/stm32f1xx_hal.c.obj
                0x08001448                HAL_GetTick
 .text.HAL_Delay
                0x0800145c       0x48 cmake/stm32cubemx/CMakeFiles/STM32_Drivers.dir/__/__/Drivers/STM32F1xx_HAL_Driver/Src/stm32f1xx_hal.c.obj
                0x0800145c                HAL_Delay
 .text.HAL_RCC_OscConfig
                0x080014a4      0x504 cmake/stm32cubemx/CMakeFiles/STM32_Drivers.dir/__/__/Drivers/STM32F1xx_HAL_Driver/Src/stm32f1xx_hal_rcc.c.obj
                0x080014a4                HAL_RCC_OscConfig
 .text.HAL_RCC_ClockConfig
                0x080019a8      0x1d4 cmake/stm32cubemx/CMakeFiles/STM32_Drivers.dir/__/__/Drivers/STM32F1xx_HAL_Driver/Src/stm32f1xx_hal_rcc.c.obj
                0x080019a8                HAL_RCC_ClockConfig
 .text.HAL_RCC_GetSysClockFreq
                0x08001b7c       0xa8 cmake/stm32cubemx/CMakeFiles/STM32_Drivers.dir/__/__/Drivers/STM32F1xx_HAL_Driver/Src/stm32f1xx_hal_rcc.c.obj
                0x08001b7c                HAL_RCC_GetSysClockFreq
 .text.HAL_RCC_GetHCLKFreq
                0x08001c24       0x14 cmake/stm32cubemx/CMakeFiles/STM32_Drivers.dir/__/__/Drivers/STM32F1xx_HAL_Driver/Src/stm32f1xx_hal_rcc.c.obj
                0x08001c24                HAL_RCC_GetHCLKFreq
 .text.HAL_RCC_GetPCLK1Freq
                0x08001c38       0x28 cmake/stm32cubemx/CMakeFiles/STM32_Drivers.dir/__/__/Drivers/STM32F1xx_HAL_Driver/Src/stm32f1xx_hal_rcc.c.obj
                0x08001c38                HAL_RCC_GetPCLK1Freq
 .text.HAL_RCC_GetPCLK2Freq
                0x08001c60       0x28 cmake/stm32cubemx/CMakeFiles/STM32_Drivers.dir/__/__/Drivers/STM32F1xx_HAL_Driver/Src/stm32f1xx_hal_rcc.c.obj
                0x08001c60                HAL_RCC_GetPCLK2Freq
 .text.HAL_RCC_GetClockConfig
                0x08001c88       0x60 cmake/stm32cubemx/CMakeFiles/STM32_Drivers.dir/__/__/Drivers/STM32F1xx_HAL_Driver/Src/stm32f1xx_hal_rcc.c.obj
                0x08001c88                HAL_RCC_GetClockConfig
 .text.RCC_Delay
                0x08001ce8       0x3c cmake/stm32cubemx/CMakeFiles/STM32_Drivers.dir/__/__/Drivers/STM32F1xx_HAL_Driver/Src/stm32f1xx_hal_rcc.c.obj
 .text.HAL_GPIO_Init
                0x08001d24      0x328 cmake/stm32cubemx/CMakeFiles/STM32_Drivers.dir/__/__/Drivers/STM32F1xx_HAL_Driver/Src/stm32f1xx_hal_gpio.c.obj
                0x08001d24                HAL_GPIO_Init
 .text.HAL_GPIO_ReadPin
                0x0800204c       0x2e cmake/stm32cubemx/CMakeFiles/STM32_Drivers.dir/__/__/Drivers/STM32F1xx_HAL_Driver/Src/stm32f1xx_hal_gpio.c.obj
                0x0800204c                HAL_GPIO_ReadPin
 .text.HAL_GPIO_WritePin
                0x0800207a       0x30 cmake/stm32cubemx/CMakeFiles/STM32_Drivers.dir/__/__/Drivers/STM32F1xx_HAL_Driver/Src/stm32f1xx_hal_gpio.c.obj
                0x0800207a                HAL_GPIO_WritePin
 *fill*         0x080020aa        0x2 
 .text.HAL_DMA_Init
                0x080020ac       0xec cmake/stm32cubemx/CMakeFiles/STM32_Drivers.dir/__/__/Drivers/STM32F1xx_HAL_Driver/Src/stm32f1xx_hal_dma.c.obj
                0x080020ac                HAL_DMA_Init
 .text.HAL_DMA_Start_IT
                0x08002198       0xc0 cmake/stm32cubemx/CMakeFiles/STM32_Drivers.dir/__/__/Drivers/STM32F1xx_HAL_Driver/Src/stm32f1xx_hal_dma.c.obj
                0x08002198                HAL_DMA_Start_IT
 .text.HAL_DMA_Abort
                0x08002258       0x76 cmake/stm32cubemx/CMakeFiles/STM32_Drivers.dir/__/__/Drivers/STM32F1xx_HAL_Driver/Src/stm32f1xx_hal_dma.c.obj
                0x08002258                HAL_DMA_Abort
 *fill*         0x080022ce        0x2 
 .text.HAL_DMA_Abort_IT
                0x080022d0      0x210 cmake/stm32cubemx/CMakeFiles/STM32_Drivers.dir/__/__/Drivers/STM32F1xx_HAL_Driver/Src/stm32f1xx_hal_dma.c.obj
                0x080022d0                HAL_DMA_Abort_IT
 .text.HAL_DMA_IRQHandler
                0x080024e0      0x478 cmake/stm32cubemx/CMakeFiles/STM32_Drivers.dir/__/__/Drivers/STM32F1xx_HAL_Driver/Src/stm32f1xx_hal_dma.c.obj
                0x080024e0                HAL_DMA_IRQHandler
 .text.DMA_SetConfig
                0x08002958       0x5a cmake/stm32cubemx/CMakeFiles/STM32_Drivers.dir/__/__/Drivers/STM32F1xx_HAL_Driver/Src/stm32f1xx_hal_dma.c.obj
 *fill*         0x080029b2        0x2 
 .text.__NVIC_SetPriorityGrouping
                0x080029b4       0x48 cmake/stm32cubemx/CMakeFiles/STM32_Drivers.dir/__/__/Drivers/STM32F1xx_HAL_Driver/Src/stm32f1xx_hal_cortex.c.obj
 .text.__NVIC_GetPriorityGrouping
                0x080029fc       0x1c cmake/stm32cubemx/CMakeFiles/STM32_Drivers.dir/__/__/Drivers/STM32F1xx_HAL_Driver/Src/stm32f1xx_hal_cortex.c.obj
 .text.__NVIC_EnableIRQ
                0x08002a18       0x38 cmake/stm32cubemx/CMakeFiles/STM32_Drivers.dir/__/__/Drivers/STM32F1xx_HAL_Driver/Src/stm32f1xx_hal_cortex.c.obj
 .text.__NVIC_SetPriority
                0x08002a50       0x54 cmake/stm32cubemx/CMakeFiles/STM32_Drivers.dir/__/__/Drivers/STM32F1xx_HAL_Driver/Src/stm32f1xx_hal_cortex.c.obj
 .text.NVIC_EncodePriority
                0x08002aa4       0x64 cmake/stm32cubemx/CMakeFiles/STM32_Drivers.dir/__/__/Drivers/STM32F1xx_HAL_Driver/Src/stm32f1xx_hal_cortex.c.obj
 .text.HAL_NVIC_SetPriorityGrouping
                0x08002b08       0x16 cmake/stm32cubemx/CMakeFiles/STM32_Drivers.dir/__/__/Drivers/STM32F1xx_HAL_Driver/Src/stm32f1xx_hal_cortex.c.obj
                0x08002b08                HAL_NVIC_SetPriorityGrouping
 .text.HAL_NVIC_SetPriority
                0x08002b1e       0x38 cmake/stm32cubemx/CMakeFiles/STM32_Drivers.dir/__/__/Drivers/STM32F1xx_HAL_Driver/Src/stm32f1xx_hal_cortex.c.obj
                0x08002b1e                HAL_NVIC_SetPriority
 .text.HAL_NVIC_EnableIRQ
                0x08002b56       0x1c cmake/stm32cubemx/CMakeFiles/STM32_Drivers.dir/__/__/Drivers/STM32F1xx_HAL_Driver/Src/stm32f1xx_hal_cortex.c.obj
                0x08002b56                HAL_NVIC_EnableIRQ
 .text.HAL_UART_Init
                0x08002b72       0xa0 cmake/stm32cubemx/CMakeFiles/STM32_Drivers.dir/__/__/Drivers/STM32F1xx_HAL_Driver/Src/stm32f1xx_hal_uart.c.obj
                0x08002b72                HAL_UART_Init
 .text.HAL_UART_Transmit
                0x08002c12      0x116 cmake/stm32cubemx/CMakeFiles/STM32_Drivers.dir/__/__/Drivers/STM32F1xx_HAL_Driver/Src/stm32f1xx_hal_uart.c.obj
                0x08002c12                HAL_UART_Transmit
 .text.HAL_UART_Receive_DMA
                0x08002d28       0x4a cmake/stm32cubemx/CMakeFiles/STM32_Drivers.dir/__/__/Drivers/STM32F1xx_HAL_Driver/Src/stm32f1xx_hal_uart.c.obj
                0x08002d28                HAL_UART_Receive_DMA
 .text.HAL_UART_DMAStop
                0x08002d72       0xfe cmake/stm32cubemx/CMakeFiles/STM32_Drivers.dir/__/__/Drivers/STM32F1xx_HAL_Driver/Src/stm32f1xx_hal_uart.c.obj
                0x08002d72                HAL_UART_DMAStop
 .text.HAL_UART_IRQHandler
                0x08002e70      0x524 cmake/stm32cubemx/CMakeFiles/STM32_Drivers.dir/__/__/Drivers/STM32F1xx_HAL_Driver/Src/stm32f1xx_hal_uart.c.obj
                0x08002e70                HAL_UART_IRQHandler
 .text.HAL_UART_TxCpltCallback
                0x08003394       0x12 cmake/stm32cubemx/CMakeFiles/STM32_Drivers.dir/__/__/Drivers/STM32F1xx_HAL_Driver/Src/stm32f1xx_hal_uart.c.obj
                0x08003394                HAL_UART_TxCpltCallback
 .text.HAL_UART_RxHalfCpltCallback
                0x080033a6       0x12 cmake/stm32cubemx/CMakeFiles/STM32_Drivers.dir/__/__/Drivers/STM32F1xx_HAL_Driver/Src/stm32f1xx_hal_uart.c.obj
                0x080033a6                HAL_UART_RxHalfCpltCallback
 .text.HAL_UART_ErrorCallback
                0x080033b8       0x12 cmake/stm32cubemx/CMakeFiles/STM32_Drivers.dir/__/__/Drivers/STM32F1xx_HAL_Driver/Src/stm32f1xx_hal_uart.c.obj
                0x080033b8                HAL_UART_ErrorCallback
 .text.HAL_UARTEx_RxEventCallback
                0x080033ca       0x16 cmake/stm32cubemx/CMakeFiles/STM32_Drivers.dir/__/__/Drivers/STM32F1xx_HAL_Driver/Src/stm32f1xx_hal_uart.c.obj
                0x080033ca                HAL_UARTEx_RxEventCallback
 .text.UART_DMAReceiveCplt
                0x080033e0      0x12c cmake/stm32cubemx/CMakeFiles/STM32_Drivers.dir/__/__/Drivers/STM32F1xx_HAL_Driver/Src/stm32f1xx_hal_uart.c.obj
 .text.UART_DMARxHalfCplt
                0x0800350c       0x3c cmake/stm32cubemx/CMakeFiles/STM32_Drivers.dir/__/__/Drivers/STM32F1xx_HAL_Driver/Src/stm32f1xx_hal_uart.c.obj
 .text.UART_DMAError
                0x08003548       0x94 cmake/stm32cubemx/CMakeFiles/STM32_Drivers.dir/__/__/Drivers/STM32F1xx_HAL_Driver/Src/stm32f1xx_hal_uart.c.obj
 .text.UART_WaitOnFlagUntilTimeout
                0x080035dc       0xb2 cmake/stm32cubemx/CMakeFiles/STM32_Drivers.dir/__/__/Drivers/STM32F1xx_HAL_Driver/Src/stm32f1xx_hal_uart.c.obj
 *fill*         0x0800368e        0x2 
 .text.UART_Start_Receive_DMA
                0x08003690      0x134 cmake/stm32cubemx/CMakeFiles/STM32_Drivers.dir/__/__/Drivers/STM32F1xx_HAL_Driver/Src/stm32f1xx_hal_uart.c.obj
                0x08003690                UART_Start_Receive_DMA
 .text.UART_EndTxTransfer
                0x080037c4       0x4e cmake/stm32cubemx/CMakeFiles/STM32_Drivers.dir/__/__/Drivers/STM32F1xx_HAL_Driver/Src/stm32f1xx_hal_uart.c.obj
 .text.UART_EndRxTransfer
                0x08003812       0xc4 cmake/stm32cubemx/CMakeFiles/STM32_Drivers.dir/__/__/Drivers/STM32F1xx_HAL_Driver/Src/stm32f1xx_hal_uart.c.obj
 .text.UART_DMAAbortOnError
                0x080038d6       0x28 cmake/stm32cubemx/CMakeFiles/STM32_Drivers.dir/__/__/Drivers/STM32F1xx_HAL_Driver/Src/stm32f1xx_hal_uart.c.obj
 .text.UART_Transmit_IT
                0x080038fe       0x9e cmake/stm32cubemx/CMakeFiles/STM32_Drivers.dir/__/__/Drivers/STM32F1xx_HAL_Driver/Src/stm32f1xx_hal_uart.c.obj
 .text.UART_EndTransmit_IT
                0x0800399c       0x30 cmake/stm32cubemx/CMakeFiles/STM32_Drivers.dir/__/__/Drivers/STM32F1xx_HAL_Driver/Src/stm32f1xx_hal_uart.c.obj
 .text.UART_Receive_IT
                0x080039cc      0x17c cmake/stm32cubemx/CMakeFiles/STM32_Drivers.dir/__/__/Drivers/STM32F1xx_HAL_Driver/Src/stm32f1xx_hal_uart.c.obj
 .text.UART_SetConfig
                0x08003b48      0x11c cmake/stm32cubemx/CMakeFiles/STM32_Drivers.dir/__/__/Drivers/STM32F1xx_HAL_Driver/Src/stm32f1xx_hal_uart.c.obj
 .text.vListInitialise
                0x08003c64       0x3e cmake/stm32cubemx/CMakeFiles/FreeRTOS.dir/__/__/Middlewares/Third_Party/FreeRTOS/Source/list.c.obj
                0x08003c64                vListInitialise
 .text.vListInitialiseItem
                0x08003ca2       0x18 cmake/stm32cubemx/CMakeFiles/FreeRTOS.dir/__/__/Middlewares/Third_Party/FreeRTOS/Source/list.c.obj
                0x08003ca2                vListInitialiseItem
 .text.vListInsertEnd
                0x08003cba       0x46 cmake/stm32cubemx/CMakeFiles/FreeRTOS.dir/__/__/Middlewares/Third_Party/FreeRTOS/Source/list.c.obj
                0x08003cba                vListInsertEnd
 .text.vListInsert
                0x08003d00       0x70 cmake/stm32cubemx/CMakeFiles/FreeRTOS.dir/__/__/Middlewares/Third_Party/FreeRTOS/Source/list.c.obj
                0x08003d00                vListInsert
 .text.uxListRemove
                0x08003d70       0x52 cmake/stm32cubemx/CMakeFiles/FreeRTOS.dir/__/__/Middlewares/Third_Party/FreeRTOS/Source/list.c.obj
                0x08003d70                uxListRemove
 *fill*         0x08003dc2        0x2 
 .text.xQueueGenericReset
                0x08003dc4       0xd4 cmake/stm32cubemx/CMakeFiles/FreeRTOS.dir/__/__/Middlewares/Third_Party/FreeRTOS/Source/queue.c.obj
                0x08003dc4                xQueueGenericReset
 .text.xQueueGenericCreate
                0x08003e98       0x76 cmake/stm32cubemx/CMakeFiles/FreeRTOS.dir/__/__/Middlewares/Third_Party/FreeRTOS/Source/queue.c.obj
                0x08003e98                xQueueGenericCreate
 .text.prvInitialiseNewQueue
                0x08003f0e       0x3e cmake/stm32cubemx/CMakeFiles/FreeRTOS.dir/__/__/Middlewares/Third_Party/FreeRTOS/Source/queue.c.obj
 .text.xQueueGenericSendFromISR
                0x08003f4c      0x13c cmake/stm32cubemx/CMakeFiles/FreeRTOS.dir/__/__/Middlewares/Third_Party/FreeRTOS/Source/queue.c.obj
                0x08003f4c                xQueueGenericSendFromISR
 .text.xQueueReceive
                0x08004088      0x1c4 cmake/stm32cubemx/CMakeFiles/FreeRTOS.dir/__/__/Middlewares/Third_Party/FreeRTOS/Source/queue.c.obj
                0x08004088                xQueueReceive
 .text.prvCopyDataToQueue
                0x0800424c       0xd4 cmake/stm32cubemx/CMakeFiles/FreeRTOS.dir/__/__/Middlewares/Third_Party/FreeRTOS/Source/queue.c.obj
 .text.prvCopyDataFromQueue
                0x08004320       0x4c cmake/stm32cubemx/CMakeFiles/FreeRTOS.dir/__/__/Middlewares/Third_Party/FreeRTOS/Source/queue.c.obj
 .text.prvUnlockQueue
                0x0800436c       0xa4 cmake/stm32cubemx/CMakeFiles/FreeRTOS.dir/__/__/Middlewares/Third_Party/FreeRTOS/Source/queue.c.obj
 .text.prvIsQueueEmpty
                0x08004410       0x2c cmake/stm32cubemx/CMakeFiles/FreeRTOS.dir/__/__/Middlewares/Third_Party/FreeRTOS/Source/queue.c.obj
 .text.xTaskCreateStatic
                0x0800443c       0xc0 cmake/stm32cubemx/CMakeFiles/FreeRTOS.dir/__/__/Middlewares/Third_Party/FreeRTOS/Source/tasks.c.obj
                0x0800443c                xTaskCreateStatic
 .text.xTaskCreate
                0x080044fc       0x8a cmake/stm32cubemx/CMakeFiles/FreeRTOS.dir/__/__/Middlewares/Third_Party/FreeRTOS/Source/tasks.c.obj
                0x080044fc                xTaskCreate
 .text.prvInitialiseNewTask
                0x08004586      0x110 cmake/stm32cubemx/CMakeFiles/FreeRTOS.dir/__/__/Middlewares/Third_Party/FreeRTOS/Source/tasks.c.obj
 *fill*         0x08004696        0x2 
 .text.prvAddNewTaskToReadyList
                0x08004698       0xd4 cmake/stm32cubemx/CMakeFiles/FreeRTOS.dir/__/__/Middlewares/Third_Party/FreeRTOS/Source/tasks.c.obj
 .text.vTaskDelay
                0x0800476c       0x6c cmake/stm32cubemx/CMakeFiles/FreeRTOS.dir/__/__/Middlewares/Third_Party/FreeRTOS/Source/tasks.c.obj
                0x0800476c                vTaskDelay
 .text.vTaskStartScheduler
                0x080047d8       0xc4 cmake/stm32cubemx/CMakeFiles/FreeRTOS.dir/__/__/Middlewares/Third_Party/FreeRTOS/Source/tasks.c.obj
                0x080047d8                vTaskStartScheduler
 .text.vTaskSuspendAll
                0x0800489c       0x1c cmake/stm32cubemx/CMakeFiles/FreeRTOS.dir/__/__/Middlewares/Third_Party/FreeRTOS/Source/tasks.c.obj
                0x0800489c                vTaskSuspendAll
 .text.xTaskResumeAll
                0x080048b8      0x13c cmake/stm32cubemx/CMakeFiles/FreeRTOS.dir/__/__/Middlewares/Third_Party/FreeRTOS/Source/tasks.c.obj
                0x080048b8                xTaskResumeAll
 .text.xTaskIncrementTick
                0x080049f4      0x174 cmake/stm32cubemx/CMakeFiles/FreeRTOS.dir/__/__/Middlewares/Third_Party/FreeRTOS/Source/tasks.c.obj
                0x080049f4                xTaskIncrementTick
 .text.vTaskSwitchContext
                0x08004b68       0xb8 cmake/stm32cubemx/CMakeFiles/FreeRTOS.dir/__/__/Middlewares/Third_Party/FreeRTOS/Source/tasks.c.obj
                0x08004b68                vTaskSwitchContext
 .text.vTaskPlaceOnEventList
                0x08004c20       0x4c cmake/stm32cubemx/CMakeFiles/FreeRTOS.dir/__/__/Middlewares/Third_Party/FreeRTOS/Source/tasks.c.obj
                0x08004c20                vTaskPlaceOnEventList
 .text.xTaskRemoveFromEventList
                0x08004c6c       0xc8 cmake/stm32cubemx/CMakeFiles/FreeRTOS.dir/__/__/Middlewares/Third_Party/FreeRTOS/Source/tasks.c.obj
                0x08004c6c                xTaskRemoveFromEventList
 .text.vTaskInternalSetTimeOutState
                0x08004d34       0x2c cmake/stm32cubemx/CMakeFiles/FreeRTOS.dir/__/__/Middlewares/Third_Party/FreeRTOS/Source/tasks.c.obj
                0x08004d34                vTaskInternalSetTimeOutState
 .text.xTaskCheckForTimeOut
                0x08004d60       0xc8 cmake/stm32cubemx/CMakeFiles/FreeRTOS.dir/__/__/Middlewares/Third_Party/FreeRTOS/Source/tasks.c.obj
                0x08004d60                xTaskCheckForTimeOut
 .text.vTaskMissedYield
                0x08004e28       0x18 cmake/stm32cubemx/CMakeFiles/FreeRTOS.dir/__/__/Middlewares/Third_Party/FreeRTOS/Source/tasks.c.obj
                0x08004e28                vTaskMissedYield
 .text.prvIdleTask
                0x08004e40       0x30 cmake/stm32cubemx/CMakeFiles/FreeRTOS.dir/__/__/Middlewares/Third_Party/FreeRTOS/Source/tasks.c.obj
 .text.prvInitialiseTaskLists
                0x08004e70       0x80 cmake/stm32cubemx/CMakeFiles/FreeRTOS.dir/__/__/Middlewares/Third_Party/FreeRTOS/Source/tasks.c.obj
 .text.prvCheckTasksWaitingTermination
                0x08004ef0       0x5c cmake/stm32cubemx/CMakeFiles/FreeRTOS.dir/__/__/Middlewares/Third_Party/FreeRTOS/Source/tasks.c.obj
 .text.prvDeleteTCB
                0x08004f4c       0x60 cmake/stm32cubemx/CMakeFiles/FreeRTOS.dir/__/__/Middlewares/Third_Party/FreeRTOS/Source/tasks.c.obj
 .text.prvResetNextTaskUnblockTime
                0x08004fac       0x40 cmake/stm32cubemx/CMakeFiles/FreeRTOS.dir/__/__/Middlewares/Third_Party/FreeRTOS/Source/tasks.c.obj
 .text.xTaskGetSchedulerState
                0x08004fec       0x3c cmake/stm32cubemx/CMakeFiles/FreeRTOS.dir/__/__/Middlewares/Third_Party/FreeRTOS/Source/tasks.c.obj
                0x08004fec                xTaskGetSchedulerState
 .text.xTaskPriorityDisinherit
                0x08005028      0x110 cmake/stm32cubemx/CMakeFiles/FreeRTOS.dir/__/__/Middlewares/Third_Party/FreeRTOS/Source/tasks.c.obj
                0x08005028                xTaskPriorityDisinherit
 .text.prvAddCurrentTaskToDelayedList
                0x08005138       0xcc cmake/stm32cubemx/CMakeFiles/FreeRTOS.dir/__/__/Middlewares/Third_Party/FreeRTOS/Source/tasks.c.obj
 .text.makeFreeRtosPriority
                0x08005204       0x2e cmake/stm32cubemx/CMakeFiles/FreeRTOS.dir/__/__/Middlewares/Third_Party/FreeRTOS/Source/CMSIS_RTOS/cmsis_os.c.obj
 .text.osKernelStart
                0x08005232        0xe cmake/stm32cubemx/CMakeFiles/FreeRTOS.dir/__/__/Middlewares/Third_Party/FreeRTOS/Source/CMSIS_RTOS/cmsis_os.c.obj
                0x08005232                osKernelStart
 .text.osThreadCreate
                0x08005240       0x98 cmake/stm32cubemx/CMakeFiles/FreeRTOS.dir/__/__/Middlewares/Third_Party/FreeRTOS/Source/CMSIS_RTOS/cmsis_os.c.obj
                0x08005240                osThreadCreate
 .text.osDelay  0x080052d8       0x28 cmake/stm32cubemx/CMakeFiles/FreeRTOS.dir/__/__/Middlewares/Third_Party/FreeRTOS/Source/CMSIS_RTOS/cmsis_os.c.obj
                0x080052d8                osDelay
 .text.pvPortMalloc
                0x08005300      0x19c cmake/stm32cubemx/CMakeFiles/FreeRTOS.dir/__/__/Middlewares/Third_Party/FreeRTOS/Source/portable/MemMang/heap_4.c.obj
                0x08005300                pvPortMalloc
 .text.vPortFree
                0x0800549c       0xc8 cmake/stm32cubemx/CMakeFiles/FreeRTOS.dir/__/__/Middlewares/Third_Party/FreeRTOS/Source/portable/MemMang/heap_4.c.obj
                0x0800549c                vPortFree
 .text.prvHeapInit
                0x08005564       0xc4 cmake/stm32cubemx/CMakeFiles/FreeRTOS.dir/__/__/Middlewares/Third_Party/FreeRTOS/Source/portable/MemMang/heap_4.c.obj
 .text.prvInsertBlockIntoFreeList
                0x08005628       0xb0 cmake/stm32cubemx/CMakeFiles/FreeRTOS.dir/__/__/Middlewares/Third_Party/FreeRTOS/Source/portable/MemMang/heap_4.c.obj
 .text.pxPortInitialiseStack
                0x080056d8       0x58 cmake/stm32cubemx/CMakeFiles/FreeRTOS.dir/__/__/Middlewares/Third_Party/FreeRTOS/Source/portable/GCC/ARM_CM3/port.c.obj
                0x080056d8                pxPortInitialiseStack
 .text.prvTaskExitError
                0x08005730       0x58 cmake/stm32cubemx/CMakeFiles/FreeRTOS.dir/__/__/Middlewares/Third_Party/FreeRTOS/Source/portable/GCC/ARM_CM3/port.c.obj
 *fill*         0x08005788        0x8 
 .text.SVC_Handler
                0x08005790       0x28 cmake/stm32cubemx/CMakeFiles/FreeRTOS.dir/__/__/Middlewares/Third_Party/FreeRTOS/Source/portable/GCC/ARM_CM3/port.c.obj
                0x08005790                SVC_Handler
 .text.prvPortStartFirstTask
                0x080057b8       0x20 cmake/stm32cubemx/CMakeFiles/FreeRTOS.dir/__/__/Middlewares/Third_Party/FreeRTOS/Source/portable/GCC/ARM_CM3/port.c.obj
 .text.xPortStartScheduler
                0x080057d8       0xe4 cmake/stm32cubemx/CMakeFiles/FreeRTOS.dir/__/__/Middlewares/Third_Party/FreeRTOS/Source/portable/GCC/ARM_CM3/port.c.obj
                0x080057d8                xPortStartScheduler
 .text.vPortEnterCritical
                0x080058bc       0x60 cmake/stm32cubemx/CMakeFiles/FreeRTOS.dir/__/__/Middlewares/Third_Party/FreeRTOS/Source/portable/GCC/ARM_CM3/port.c.obj
                0x080058bc                vPortEnterCritical
 .text.vPortExitCritical
                0x0800591c       0x54 cmake/stm32cubemx/CMakeFiles/FreeRTOS.dir/__/__/Middlewares/Third_Party/FreeRTOS/Source/portable/GCC/ARM_CM3/port.c.obj
                0x0800591c                vPortExitCritical
 .text.PendSV_Handler
                0x08005970       0x48 cmake/stm32cubemx/CMakeFiles/FreeRTOS.dir/__/__/Middlewares/Third_Party/FreeRTOS/Source/portable/GCC/ARM_CM3/port.c.obj
                0x08005970                PendSV_Handler
 .text.SysTick_Handler
                0x080059b8       0x44 cmake/stm32cubemx/CMakeFiles/FreeRTOS.dir/__/__/Middlewares/Third_Party/FreeRTOS/Source/portable/GCC/ARM_CM3/port.c.obj
                0x080059b8                SysTick_Handler
 .text.vPortSetupTimerInterrupt
                0x080059fc       0x44 cmake/stm32cubemx/CMakeFiles/FreeRTOS.dir/__/__/Middlewares/Third_Party/FreeRTOS/Source/portable/GCC/ARM_CM3/port.c.obj
                0x080059fc                vPortSetupTimerInterrupt
 .text.vPortValidateInterruptPriority
                0x08005a40       0x80 cmake/stm32cubemx/CMakeFiles/FreeRTOS.dir/__/__/Middlewares/Third_Party/FreeRTOS/Source/portable/GCC/ARM_CM3/port.c.obj
                0x08005a40                vPortValidateInterruptPriority
 .text.main     0x08005ac0       0x50 CMakeFiles/Motion_Control_Card.dir/Core/Src/main.c.obj
                0x08005ac0                main
 .text.SystemClock_Config
                0x08005b10       0x8a CMakeFiles/Motion_Control_Card.dir/Core/Src/main.c.obj
                0x08005b10                SystemClock_Config
 *fill*         0x08005b9a        0x2 
 .text.HAL_TIM_PeriodElapsedCallback
                0x08005b9c      0x130 CMakeFiles/Motion_Control_Card.dir/Core/Src/main.c.obj
                0x08005b9c                HAL_TIM_PeriodElapsedCallback
 .text.Error_Handler
                0x08005ccc        0xc CMakeFiles/Motion_Control_Card.dir/Core/Src/main.c.obj
                0x08005ccc                Error_Handler
 .text.MX_GPIO_Init
                0x08005cd8      0x1c8 CMakeFiles/Motion_Control_Card.dir/Core/Src/gpio.c.obj
                0x08005cd8                MX_GPIO_Init
 .text.vApplicationGetIdleTaskMemory
                0x08005ea0       0x30 CMakeFiles/Motion_Control_Card.dir/Core/Src/freertos.c.obj
                0x08005ea0                vApplicationGetIdleTaskMemory
 .text.MX_FREERTOS_Init
                0x08005ed0       0x94 CMakeFiles/Motion_Control_Card.dir/Core/Src/freertos.c.obj
                0x08005ed0                MX_FREERTOS_Init
 .text.StartDefaultTask
                0x08005f64       0x10 CMakeFiles/Motion_Control_Card.dir/Core/Src/freertos.c.obj
                0x08005f64                StartDefaultTask
 .text.MX_DMA_Init
                0x08005f74       0x4c CMakeFiles/Motion_Control_Card.dir/Core/Src/dma.c.obj
                0x08005f74                MX_DMA_Init
 .text.MX_TIM1_Init
                0x08005fc0      0x140 CMakeFiles/Motion_Control_Card.dir/Core/Src/tim.c.obj
                0x08005fc0                MX_TIM1_Init
 .text.MX_TIM2_Init
                0x08006100       0xe8 CMakeFiles/Motion_Control_Card.dir/Core/Src/tim.c.obj
                0x08006100                MX_TIM2_Init
 .text.MX_TIM3_Init
                0x080061e8       0xb0 CMakeFiles/Motion_Control_Card.dir/Core/Src/tim.c.obj
                0x080061e8                MX_TIM3_Init
 .text.MX_TIM4_Init
                0x08006298       0xb0 CMakeFiles/Motion_Control_Card.dir/Core/Src/tim.c.obj
                0x08006298                MX_TIM4_Init
 .text.MX_TIM5_Init
                0x08006348       0xb0 CMakeFiles/Motion_Control_Card.dir/Core/Src/tim.c.obj
                0x08006348                MX_TIM5_Init
 .text.MX_TIM8_Init
                0x080063f8      0x140 CMakeFiles/Motion_Control_Card.dir/Core/Src/tim.c.obj
                0x080063f8                MX_TIM8_Init
 .text.HAL_TIM_Base_MspInit
                0x08006538       0xb8 CMakeFiles/Motion_Control_Card.dir/Core/Src/tim.c.obj
                0x08006538                HAL_TIM_Base_MspInit
 .text.HAL_TIM_PWM_MspInit
                0x080065f0       0xbc CMakeFiles/Motion_Control_Card.dir/Core/Src/tim.c.obj
                0x080065f0                HAL_TIM_PWM_MspInit
 .text.HAL_TIM_MspPostInit
                0x080066ac      0x1d4 CMakeFiles/Motion_Control_Card.dir/Core/Src/tim.c.obj
                0x080066ac                HAL_TIM_MspPostInit
 .text.MX_UART5_Init
                0x08006880       0x54 CMakeFiles/Motion_Control_Card.dir/Core/Src/usart.c.obj
                0x08006880                MX_UART5_Init
 .text.MX_USART3_UART_Init
                0x080068d4       0x54 CMakeFiles/Motion_Control_Card.dir/Core/Src/usart.c.obj
                0x080068d4                MX_USART3_UART_Init
 .text.HAL_UART_MspInit
                0x08006928      0x20c CMakeFiles/Motion_Control_Card.dir/Core/Src/usart.c.obj
                0x08006928                HAL_UART_MspInit
 .text.NMI_Handler
                0x08006b34        0x8 CMakeFiles/Motion_Control_Card.dir/Core/Src/stm32f1xx_it.c.obj
                0x08006b34                NMI_Handler
 .text.HardFault_Handler
                0x08006b3c        0x8 CMakeFiles/Motion_Control_Card.dir/Core/Src/stm32f1xx_it.c.obj
                0x08006b3c                HardFault_Handler
 .text.MemManage_Handler
                0x08006b44        0x8 CMakeFiles/Motion_Control_Card.dir/Core/Src/stm32f1xx_it.c.obj
                0x08006b44                MemManage_Handler
 .text.BusFault_Handler
                0x08006b4c        0x8 CMakeFiles/Motion_Control_Card.dir/Core/Src/stm32f1xx_it.c.obj
                0x08006b4c                BusFault_Handler
 .text.UsageFault_Handler
                0x08006b54        0x8 CMakeFiles/Motion_Control_Card.dir/Core/Src/stm32f1xx_it.c.obj
                0x08006b54                UsageFault_Handler
 .text.DebugMon_Handler
                0x08006b5c        0xc CMakeFiles/Motion_Control_Card.dir/Core/Src/stm32f1xx_it.c.obj
                0x08006b5c                DebugMon_Handler
 .text.DMA1_Channel2_IRQHandler
                0x08006b68       0x14 CMakeFiles/Motion_Control_Card.dir/Core/Src/stm32f1xx_it.c.obj
                0x08006b68                DMA1_Channel2_IRQHandler
 .text.DMA1_Channel3_IRQHandler
                0x08006b7c       0x14 CMakeFiles/Motion_Control_Card.dir/Core/Src/stm32f1xx_it.c.obj
                0x08006b7c                DMA1_Channel3_IRQHandler
 .text.TIM1_UP_IRQHandler
                0x08006b90       0x14 CMakeFiles/Motion_Control_Card.dir/Core/Src/stm32f1xx_it.c.obj
                0x08006b90                TIM1_UP_IRQHandler
 .text.TIM2_IRQHandler
                0x08006ba4       0x14 CMakeFiles/Motion_Control_Card.dir/Core/Src/stm32f1xx_it.c.obj
                0x08006ba4                TIM2_IRQHandler
 .text.TIM3_IRQHandler
                0x08006bb8       0x14 CMakeFiles/Motion_Control_Card.dir/Core/Src/stm32f1xx_it.c.obj
                0x08006bb8                TIM3_IRQHandler
 .text.TIM4_IRQHandler
                0x08006bcc       0x14 CMakeFiles/Motion_Control_Card.dir/Core/Src/stm32f1xx_it.c.obj
                0x08006bcc                TIM4_IRQHandler
 .text.USART3_IRQHandler
                0x08006be0       0x14 CMakeFiles/Motion_Control_Card.dir/Core/Src/stm32f1xx_it.c.obj
                0x08006be0                USART3_IRQHandler
 .text.TIM8_UP_IRQHandler
                0x08006bf4       0x14 CMakeFiles/Motion_Control_Card.dir/Core/Src/stm32f1xx_it.c.obj
                0x08006bf4                TIM8_UP_IRQHandler
 .text.TIM5_IRQHandler
                0x08006c08       0x14 CMakeFiles/Motion_Control_Card.dir/Core/Src/stm32f1xx_it.c.obj
                0x08006c08                TIM5_IRQHandler
 .text.TIM7_IRQHandler
                0x08006c1c       0x14 CMakeFiles/Motion_Control_Card.dir/Core/Src/stm32f1xx_it.c.obj
                0x08006c1c                TIM7_IRQHandler
 .text.HAL_MspInit
                0x08006c30       0x70 CMakeFiles/Motion_Control_Card.dir/Core/Src/stm32f1xx_hal_msp.c.obj
                0x08006c30                HAL_MspInit
 .text.HAL_InitTick
                0x08006ca0       0xfc CMakeFiles/Motion_Control_Card.dir/Core/Src/stm32f1xx_hal_timebase_tim.c.obj
                0x08006ca0                HAL_InitTick
 .text.Reset_Handler
                0x08006d9c       0x48 CMakeFiles/Motion_Control_Card.dir/startup_stm32f103xe.s.obj
                0x08006d9c                Reset_Handler
 .text.Default_Handler
                0x08006de4        0x2 CMakeFiles/Motion_Control_Card.dir/startup_stm32f103xe.s.obj
                0x08006de4                RTC_Alarm_IRQHandler
                0x08006de4                EXTI2_IRQHandler
                0x08006de4                TIM8_TRG_COM_IRQHandler
                0x08006de4                TIM8_CC_IRQHandler
                0x08006de4                TIM1_CC_IRQHandler
                0x08006de4                TIM6_IRQHandler
                0x08006de4                PVD_IRQHandler
                0x08006de4                SDIO_IRQHandler
                0x08006de4                EXTI3_IRQHandler
                0x08006de4                EXTI0_IRQHandler
                0x08006de4                I2C2_EV_IRQHandler
                0x08006de4                ADC1_2_IRQHandler
                0x08006de4                SPI1_IRQHandler
                0x08006de4                TAMPER_IRQHandler
                0x08006de4                DMA2_Channel2_IRQHandler
                0x08006de4                DMA1_Channel4_IRQHandler
                0x08006de4                RTC_IRQHandler
                0x08006de4                DMA1_Channel7_IRQHandler
                0x08006de4                CAN1_RX1_IRQHandler
                0x08006de4                UART5_IRQHandler
                0x08006de4                ADC3_IRQHandler
                0x08006de4                DMA2_Channel1_IRQHandler
                0x08006de4                I2C1_EV_IRQHandler
                0x08006de4                DMA1_Channel6_IRQHandler
                0x08006de4                UART4_IRQHandler
                0x08006de4                RCC_IRQHandler
                0x08006de4                TIM1_TRG_COM_IRQHandler
                0x08006de4                DMA1_Channel1_IRQHandler
                0x08006de4                Default_Handler
                0x08006de4                EXTI15_10_IRQHandler
                0x08006de4                EXTI9_5_IRQHandler
                0x08006de4                SPI2_IRQHandler
                0x08006de4                DMA1_Channel5_IRQHandler
                0x08006de4                EXTI4_IRQHandler
                0x08006de4                USB_LP_CAN1_RX0_IRQHandler
                0x08006de4                USB_HP_CAN1_TX_IRQHandler
                0x08006de4                FSMC_IRQHandler
                0x08006de4                WWDG_IRQHandler
                0x08006de4                TIM1_BRK_IRQHandler
                0x08006de4                EXTI1_IRQHandler
                0x08006de4                DMA2_Channel4_5_IRQHandler
                0x08006de4                USART2_IRQHandler
                0x08006de4                I2C2_ER_IRQHandler
                0x08006de4                TIM8_BRK_IRQHandler
                0x08006de4                CAN1_SCE_IRQHandler
                0x08006de4                FLASH_IRQHandler
                0x08006de4                USART1_IRQHandler
                0x08006de4                SPI3_IRQHandler
                0x08006de4                I2C1_ER_IRQHandler
                0x08006de4                USBWakeUp_IRQHandler
                0x08006de4                DMA2_Channel3_IRQHandler
 *fill*         0x08006de6        0x2 
 .text.Control_task
                0x08006de8       0xc0 CMakeFiles/Motion_Control_Card.dir/Applications/control.c.obj
                0x08006de8                Control_task
 .text.calc_trapezoid_profile
                0x08006ea8       0x8c CMakeFiles/Motion_Control_Card.dir/Applications/math.c.obj
                0x08006ea8                calc_trapezoid_profile
 .text.stepper_init
                0x08006f34       0x70 CMakeFiles/Motion_Control_Card.dir/Hardware/H_Tmc2209.c.obj
                0x08006f34                stepper_init
 .text.Motor_Set
                0x08006fa4      0x16c CMakeFiles/Motion_Control_Card.dir/Hardware/H_Tmc2209.c.obj
                0x08006fa4                Motor_Set
 .text.Motor_SetSpeed
                0x08007110      0x1b8 CMakeFiles/Motion_Control_Card.dir/Hardware/H_Tmc2209.c.obj
                0x08007110                Motor_SetSpeed
 .text.Read_INPUT
                0x080072c8       0x34 CMakeFiles/Motion_Control_Card.dir/Hardware/INPUT.c.obj
                0x080072c8                Read_INPUT
 .text.Input_Task
                0x080072fc       0x52 CMakeFiles/Motion_Control_Card.dir/Hardware/INPUT.c.obj
                0x080072fc                Input_Task
 *fill*         0x0800734e        0x2 
 .text.OUTPUT_control
                0x08007350       0x38 CMakeFiles/Motion_Control_Card.dir/Hardware/OUTPUT.c.obj
                0x08007350                OUTPUT_control
 .text.OUTPUT_init
                0x08007388       0x44 CMakeFiles/Motion_Control_Card.dir/Hardware/OUTPUT.c.obj
                0x08007388                OUTPUT_init
 .text.Serial_Init
                0x080073cc       0xc4 CMakeFiles/Motion_Control_Card.dir/Hardware/Serial.c.obj
                0x080073cc                Serial_Init
 .text.Serial3_SendByte
                0x08007490       0x24 CMakeFiles/Motion_Control_Card.dir/Hardware/Serial.c.obj
                0x08007490                Serial3_SendByte
 .text.HAL_UART_RxCpltCallback
                0x080074b4       0xfc CMakeFiles/Motion_Control_Card.dir/Hardware/Serial.c.obj
                0x080074b4                HAL_UART_RxCpltCallback
 .text.memcpy   0x080075b0       0x1c C:/ST/STM32CubeCLT_1.17.0/GNU-tools-for-STM32/bin/../lib/gcc/arm-none-eabi/12.3.1/../../../../arm-none-eabi/lib/thumb/v7-m/nofp\libg_nano.a(libc_a-memcpy-stub.o)
                0x080075b0                memcpy
 *(.glue_7)
 .glue_7        0x080075cc        0x0 linker stubs
 *(.glue_7t)
 .glue_7t       0x080075cc        0x0 linker stubs
 *(.eh_frame)
 .eh_frame      0x080075cc        0x0 C:/ST/STM32CubeCLT_1.17.0/GNU-tools-for-STM32/bin/../lib/gcc/arm-none-eabi/12.3.1/thumb/v7-m/nofp/crtbegin.o
 *(.init)
 .init          0x080075cc        0x4 C:/ST/STM32CubeCLT_1.17.0/GNU-tools-for-STM32/bin/../lib/gcc/arm-none-eabi/12.3.1/thumb/v7-m/nofp/crti.o
                0x080075cc                _init
 .init          0x080075d0        0x8 C:/ST/STM32CubeCLT_1.17.0/GNU-tools-for-STM32/bin/../lib/gcc/arm-none-eabi/12.3.1/thumb/v7-m/nofp/crtn.o
 *(.fini)
 .fini          0x080075d8        0x4 C:/ST/STM32CubeCLT_1.17.0/GNU-tools-for-STM32/bin/../lib/gcc/arm-none-eabi/12.3.1/thumb/v7-m/nofp/crti.o
                0x080075d8                _fini
 .fini          0x080075dc        0x8 C:/ST/STM32CubeCLT_1.17.0/GNU-tools-for-STM32/bin/../lib/gcc/arm-none-eabi/12.3.1/thumb/v7-m/nofp/crtn.o
                0x080075e4                        . = ALIGN (0x4)
                0x080075e4                        _etext = .

.vfp11_veneer   0x080075e4        0x0
 .vfp11_veneer  0x080075e4        0x0 linker stubs

.v4_bx          0x080075e4        0x0
 .v4_bx         0x080075e4        0x0 linker stubs

.iplt           0x080075e4        0x0
 .iplt          0x080075e4        0x0 C:/ST/STM32CubeCLT_1.17.0/GNU-tools-for-STM32/bin/../lib/gcc/arm-none-eabi/12.3.1/thumb/v7-m/nofp/crtbegin.o

.rodata         0x080075e4       0xa4
                0x080075e4                        . = ALIGN (0x4)
 *(.rodata)
 .rodata        0x080075e4        0x5 cmake/stm32cubemx/CMakeFiles/FreeRTOS.dir/__/__/Middlewares/Third_Party/FreeRTOS/Source/tasks.c.obj
 *fill*         0x080075e9        0x3 
 .rodata        0x080075ec       0x70 CMakeFiles/Motion_Control_Card.dir/Core/Src/freertos.c.obj
 *(.rodata*)
 .rodata.AHBPrescTable
                0x0800765c       0x10 cmake/stm32cubemx/CMakeFiles/STM32_Drivers.dir/__/__/Core/Src/system_stm32f1xx.c.obj
                0x0800765c                AHBPrescTable
 .rodata.APBPrescTable
                0x0800766c        0x8 cmake/stm32cubemx/CMakeFiles/STM32_Drivers.dir/__/__/Core/Src/system_stm32f1xx.c.obj
                0x0800766c                APBPrescTable
 .rodata.aPLLMULFactorTable.1
                0x08007674       0x10 cmake/stm32cubemx/CMakeFiles/STM32_Drivers.dir/__/__/Drivers/STM32F1xx_HAL_Driver/Src/stm32f1xx_hal_rcc.c.obj
 .rodata.aPredivFactorTable.0
                0x08007684        0x2 cmake/stm32cubemx/CMakeFiles/STM32_Drivers.dir/__/__/Drivers/STM32F1xx_HAL_Driver/Src/stm32f1xx_hal_rcc.c.obj
                0x08007688                        . = ALIGN (0x4)
 *fill*         0x08007686        0x2 

.ARM.extab      0x08007688        0x0
                0x08007688                        . = ALIGN (0x4)
 *(.ARM.extab* .gnu.linkonce.armextab.*)
                0x08007688                        . = ALIGN (0x4)

.ARM            0x08007688        0x0
                0x08007688                        . = ALIGN (0x4)
                0x08007688                        __exidx_start = .
 *(.ARM.exidx*)
                0x08007688                        __exidx_end = .
                0x08007688                        . = ALIGN (0x4)

.preinit_array  0x08007688        0x0
                0x08007688                        . = ALIGN (0x4)
                0x08007688                        PROVIDE (__preinit_array_start = .)
 *(.preinit_array*)
                0x08007688                        PROVIDE (__preinit_array_end = .)
                0x08007688                        . = ALIGN (0x4)

.init_array     0x08007688        0x4
                0x08007688                        . = ALIGN (0x4)
                0x08007688                        PROVIDE (__init_array_start = .)
 *(SORT_BY_NAME(.init_array.*))
 *(.init_array*)
 .init_array    0x08007688        0x4 C:/ST/STM32CubeCLT_1.17.0/GNU-tools-for-STM32/bin/../lib/gcc/arm-none-eabi/12.3.1/thumb/v7-m/nofp/crtbegin.o
                0x0800768c                        PROVIDE (__init_array_end = .)
                0x0800768c                        . = ALIGN (0x4)

.fini_array     0x0800768c        0x4
                0x0800768c                        . = ALIGN (0x4)
                [!provide]                        PROVIDE (__fini_array_start = .)
 *(SORT_BY_NAME(.fini_array.*))
 *(.fini_array*)
 .fini_array    0x0800768c        0x4 C:/ST/STM32CubeCLT_1.17.0/GNU-tools-for-STM32/bin/../lib/gcc/arm-none-eabi/12.3.1/thumb/v7-m/nofp/crtbegin.o
                [!provide]                        PROVIDE (__fini_array_end = .)
                0x08007690                        . = ALIGN (0x4)
                0x08007690                        _sidata = LOADADDR (.data)

.rel.dyn        0x08007690        0x0
 .rel.iplt      0x08007690        0x0 C:/ST/STM32CubeCLT_1.17.0/GNU-tools-for-STM32/bin/../lib/gcc/arm-none-eabi/12.3.1/thumb/v7-m/nofp/crtbegin.o

.data           0x20000000      0x110 load address 0x08007690
                0x20000000                        . = ALIGN (0x4)
                0x20000000                        _sdata = .
 *(.data)
 *(.data*)
 .data.SystemCoreClock
                0x20000000        0x4 cmake/stm32cubemx/CMakeFiles/STM32_Drivers.dir/__/__/Core/Src/system_stm32f1xx.c.obj
                0x20000000                SystemCoreClock
 .data.uwTickPrio
                0x20000004        0x4 cmake/stm32cubemx/CMakeFiles/STM32_Drivers.dir/__/__/Drivers/STM32F1xx_HAL_Driver/Src/stm32f1xx_hal.c.obj
                0x20000004                uwTickPrio
 .data.uwTickFreq
                0x20000008        0x1 cmake/stm32cubemx/CMakeFiles/STM32_Drivers.dir/__/__/Drivers/STM32F1xx_HAL_Driver/Src/stm32f1xx_hal.c.obj
                0x20000008                uwTickFreq
 *fill*         0x20000009        0x3 
 .data.uxCriticalNesting
                0x2000000c        0x4 cmake/stm32cubemx/CMakeFiles/FreeRTOS.dir/__/__/Middlewares/Third_Party/FreeRTOS/Source/portable/GCC/ARM_CM3/port.c.obj
 .data.en_ports
                0x20000010       0x1c CMakeFiles/Motion_Control_Card.dir/Applications/include.c.obj
                0x20000010                en_ports
 .data.en_pins  0x2000002c        0xe CMakeFiles/Motion_Control_Card.dir/Applications/include.c.obj
                0x2000002c                en_pins
 *fill*         0x2000003a        0x2 
 .data.dir_port
                0x2000003c       0x1c CMakeFiles/Motion_Control_Card.dir/Applications/include.c.obj
                0x2000003c                dir_port
 .data.dir_pins
                0x20000058        0xe CMakeFiles/Motion_Control_Card.dir/Applications/include.c.obj
                0x20000058                dir_pins
 *fill*         0x20000066        0x2 
 .data.motor_tim
                0x20000068       0x1c CMakeFiles/Motion_Control_Card.dir/Applications/include.c.obj
                0x20000068                motor_tim
 .data.motor_channel
                0x20000084       0x1c CMakeFiles/Motion_Control_Card.dir/Applications/include.c.obj
                0x20000084                motor_channel
 .data.input_ports
                0x200000a0       0x24 CMakeFiles/Motion_Control_Card.dir/Applications/include.c.obj
                0x200000a0                input_ports
 .data.input_pins
                0x200000c4       0x12 CMakeFiles/Motion_Control_Card.dir/Applications/include.c.obj
                0x200000c4                input_pins
 *fill*         0x200000d6        0x2 
 .data.output_ports
                0x200000d8       0x24 CMakeFiles/Motion_Control_Card.dir/Applications/include.c.obj
                0x200000d8                output_ports
 .data.output_pins
                0x200000fc       0x12 CMakeFiles/Motion_Control_Card.dir/Applications/include.c.obj
                0x200000fc                output_pins
 *(.RamFunc)
 *(.RamFunc*)
                0x20000110                        . = ALIGN (0x4)
 *fill*         0x2000010e        0x2 
                0x20000110                        _edata = .

.igot.plt       0x20000110        0x0 load address 0x080077a0
 .igot.plt      0x20000110        0x0 C:/ST/STM32CubeCLT_1.17.0/GNU-tools-for-STM32/bin/../lib/gcc/arm-none-eabi/12.3.1/thumb/v7-m/nofp/crtbegin.o
                0x20000110                        . = ALIGN (0x4)

.bss            0x20000110     0x1444 load address 0x080077a0
                0x20000110                        _sbss = .
                0x20000110                        __bss_start__ = _sbss
 *(.bss)
 .bss           0x20000110       0x1c C:/ST/STM32CubeCLT_1.17.0/GNU-tools-for-STM32/bin/../lib/gcc/arm-none-eabi/12.3.1/thumb/v7-m/nofp/crtbegin.o
 *(.bss*)
 .bss.uwTick    0x2000012c        0x4 cmake/stm32cubemx/CMakeFiles/STM32_Drivers.dir/__/__/Drivers/STM32F1xx_HAL_Driver/Src/stm32f1xx_hal.c.obj
                0x2000012c                uwTick
 .bss.pxCurrentTCB
                0x20000130        0x4 cmake/stm32cubemx/CMakeFiles/FreeRTOS.dir/__/__/Middlewares/Third_Party/FreeRTOS/Source/tasks.c.obj
                0x20000130                pxCurrentTCB
 .bss.pxReadyTasksLists
                0x20000134       0x8c cmake/stm32cubemx/CMakeFiles/FreeRTOS.dir/__/__/Middlewares/Third_Party/FreeRTOS/Source/tasks.c.obj
 .bss.xDelayedTaskList1
                0x200001c0       0x14 cmake/stm32cubemx/CMakeFiles/FreeRTOS.dir/__/__/Middlewares/Third_Party/FreeRTOS/Source/tasks.c.obj
 .bss.xDelayedTaskList2
                0x200001d4       0x14 cmake/stm32cubemx/CMakeFiles/FreeRTOS.dir/__/__/Middlewares/Third_Party/FreeRTOS/Source/tasks.c.obj
 .bss.pxDelayedTaskList
                0x200001e8        0x4 cmake/stm32cubemx/CMakeFiles/FreeRTOS.dir/__/__/Middlewares/Third_Party/FreeRTOS/Source/tasks.c.obj
 .bss.pxOverflowDelayedTaskList
                0x200001ec        0x4 cmake/stm32cubemx/CMakeFiles/FreeRTOS.dir/__/__/Middlewares/Third_Party/FreeRTOS/Source/tasks.c.obj
 .bss.xPendingReadyList
                0x200001f0       0x14 cmake/stm32cubemx/CMakeFiles/FreeRTOS.dir/__/__/Middlewares/Third_Party/FreeRTOS/Source/tasks.c.obj
 .bss.xTasksWaitingTermination
                0x20000204       0x14 cmake/stm32cubemx/CMakeFiles/FreeRTOS.dir/__/__/Middlewares/Third_Party/FreeRTOS/Source/tasks.c.obj
 .bss.uxDeletedTasksWaitingCleanUp
                0x20000218        0x4 cmake/stm32cubemx/CMakeFiles/FreeRTOS.dir/__/__/Middlewares/Third_Party/FreeRTOS/Source/tasks.c.obj
 .bss.xSuspendedTaskList
                0x2000021c       0x14 cmake/stm32cubemx/CMakeFiles/FreeRTOS.dir/__/__/Middlewares/Third_Party/FreeRTOS/Source/tasks.c.obj
 .bss.uxCurrentNumberOfTasks
                0x20000230        0x4 cmake/stm32cubemx/CMakeFiles/FreeRTOS.dir/__/__/Middlewares/Third_Party/FreeRTOS/Source/tasks.c.obj
 .bss.xTickCount
                0x20000234        0x4 cmake/stm32cubemx/CMakeFiles/FreeRTOS.dir/__/__/Middlewares/Third_Party/FreeRTOS/Source/tasks.c.obj
 .bss.uxTopReadyPriority
                0x20000238        0x4 cmake/stm32cubemx/CMakeFiles/FreeRTOS.dir/__/__/Middlewares/Third_Party/FreeRTOS/Source/tasks.c.obj
 .bss.xSchedulerRunning
                0x2000023c        0x4 cmake/stm32cubemx/CMakeFiles/FreeRTOS.dir/__/__/Middlewares/Third_Party/FreeRTOS/Source/tasks.c.obj
 .bss.xPendedTicks
                0x20000240        0x4 cmake/stm32cubemx/CMakeFiles/FreeRTOS.dir/__/__/Middlewares/Third_Party/FreeRTOS/Source/tasks.c.obj
 .bss.xYieldPending
                0x20000244        0x4 cmake/stm32cubemx/CMakeFiles/FreeRTOS.dir/__/__/Middlewares/Third_Party/FreeRTOS/Source/tasks.c.obj
 .bss.xNumOfOverflows
                0x20000248        0x4 cmake/stm32cubemx/CMakeFiles/FreeRTOS.dir/__/__/Middlewares/Third_Party/FreeRTOS/Source/tasks.c.obj
 .bss.uxTaskNumber
                0x2000024c        0x4 cmake/stm32cubemx/CMakeFiles/FreeRTOS.dir/__/__/Middlewares/Third_Party/FreeRTOS/Source/tasks.c.obj
 .bss.xNextTaskUnblockTime
                0x20000250        0x4 cmake/stm32cubemx/CMakeFiles/FreeRTOS.dir/__/__/Middlewares/Third_Party/FreeRTOS/Source/tasks.c.obj
 .bss.xIdleTaskHandle
                0x20000254        0x4 cmake/stm32cubemx/CMakeFiles/FreeRTOS.dir/__/__/Middlewares/Third_Party/FreeRTOS/Source/tasks.c.obj
 .bss.uxSchedulerSuspended
                0x20000258        0x4 cmake/stm32cubemx/CMakeFiles/FreeRTOS.dir/__/__/Middlewares/Third_Party/FreeRTOS/Source/tasks.c.obj
 .bss.ucHeap    0x2000025c      0xc00 cmake/stm32cubemx/CMakeFiles/FreeRTOS.dir/__/__/Middlewares/Third_Party/FreeRTOS/Source/portable/MemMang/heap_4.c.obj
 .bss.xStart    0x20000e5c        0x8 cmake/stm32cubemx/CMakeFiles/FreeRTOS.dir/__/__/Middlewares/Third_Party/FreeRTOS/Source/portable/MemMang/heap_4.c.obj
 .bss.pxEnd     0x20000e64        0x4 cmake/stm32cubemx/CMakeFiles/FreeRTOS.dir/__/__/Middlewares/Third_Party/FreeRTOS/Source/portable/MemMang/heap_4.c.obj
 .bss.xFreeBytesRemaining
                0x20000e68        0x4 cmake/stm32cubemx/CMakeFiles/FreeRTOS.dir/__/__/Middlewares/Third_Party/FreeRTOS/Source/portable/MemMang/heap_4.c.obj
 .bss.xMinimumEverFreeBytesRemaining
                0x20000e6c        0x4 cmake/stm32cubemx/CMakeFiles/FreeRTOS.dir/__/__/Middlewares/Third_Party/FreeRTOS/Source/portable/MemMang/heap_4.c.obj
 .bss.xNumberOfSuccessfulAllocations
                0x20000e70        0x4 cmake/stm32cubemx/CMakeFiles/FreeRTOS.dir/__/__/Middlewares/Third_Party/FreeRTOS/Source/portable/MemMang/heap_4.c.obj
 .bss.xNumberOfSuccessfulFrees
                0x20000e74        0x4 cmake/stm32cubemx/CMakeFiles/FreeRTOS.dir/__/__/Middlewares/Third_Party/FreeRTOS/Source/portable/MemMang/heap_4.c.obj
 .bss.xBlockAllocatedBit
                0x20000e78        0x4 cmake/stm32cubemx/CMakeFiles/FreeRTOS.dir/__/__/Middlewares/Third_Party/FreeRTOS/Source/portable/MemMang/heap_4.c.obj
 .bss.ucMaxSysCallPriority
                0x20000e7c        0x1 cmake/stm32cubemx/CMakeFiles/FreeRTOS.dir/__/__/Middlewares/Third_Party/FreeRTOS/Source/portable/GCC/ARM_CM3/port.c.obj
 *fill*         0x20000e7d        0x3 
 .bss.ulMaxPRIGROUPValue
                0x20000e80        0x4 cmake/stm32cubemx/CMakeFiles/FreeRTOS.dir/__/__/Middlewares/Third_Party/FreeRTOS/Source/portable/GCC/ARM_CM3/port.c.obj
 .bss.defaultTaskHandle
                0x20000e84        0x4 CMakeFiles/Motion_Control_Card.dir/Core/Src/freertos.c.obj
                0x20000e84                defaultTaskHandle
 .bss.ControlHandle
                0x20000e88        0x4 CMakeFiles/Motion_Control_Card.dir/Core/Src/freertos.c.obj
                0x20000e88                ControlHandle
 .bss.InputHandle
                0x20000e8c        0x4 CMakeFiles/Motion_Control_Card.dir/Core/Src/freertos.c.obj
                0x20000e8c                InputHandle
 .bss.xIdleTaskTCBBuffer
                0x20000e90       0x54 CMakeFiles/Motion_Control_Card.dir/Core/Src/freertos.c.obj
 .bss.xIdleStack
                0x20000ee4      0x200 CMakeFiles/Motion_Control_Card.dir/Core/Src/freertos.c.obj
 .bss.htim1     0x200010e4       0x48 CMakeFiles/Motion_Control_Card.dir/Core/Src/tim.c.obj
                0x200010e4                htim1
 .bss.htim2     0x2000112c       0x48 CMakeFiles/Motion_Control_Card.dir/Core/Src/tim.c.obj
                0x2000112c                htim2
 .bss.htim3     0x20001174       0x48 CMakeFiles/Motion_Control_Card.dir/Core/Src/tim.c.obj
                0x20001174                htim3
 .bss.htim4     0x200011bc       0x48 CMakeFiles/Motion_Control_Card.dir/Core/Src/tim.c.obj
                0x200011bc                htim4
 .bss.htim5     0x20001204       0x48 CMakeFiles/Motion_Control_Card.dir/Core/Src/tim.c.obj
                0x20001204                htim5
 .bss.htim8     0x2000124c       0x48 CMakeFiles/Motion_Control_Card.dir/Core/Src/tim.c.obj
                0x2000124c                htim8
 .bss.huart5    0x20001294       0x48 CMakeFiles/Motion_Control_Card.dir/Core/Src/usart.c.obj
                0x20001294                huart5
 .bss.huart3    0x200012dc       0x48 CMakeFiles/Motion_Control_Card.dir/Core/Src/usart.c.obj
                0x200012dc                huart3
 .bss.hdma_usart3_rx
                0x20001324       0x44 CMakeFiles/Motion_Control_Card.dir/Core/Src/usart.c.obj
                0x20001324                hdma_usart3_rx
 .bss.hdma_usart3_tx
                0x20001368       0x44 CMakeFiles/Motion_Control_Card.dir/Core/Src/usart.c.obj
                0x20001368                hdma_usart3_tx
 .bss.htim7     0x200013ac       0x48 CMakeFiles/Motion_Control_Card.dir/Core/Src/stm32f1xx_hal_timebase_tim.c.obj
                0x200013ac                htim7
 .bss.Command   0x200013f4       0x41 CMakeFiles/Motion_Control_Card.dir/Applications/control.c.obj
                0x200013f4                Command
 *fill*         0x20001435        0x3 
 .bss.Motor     0x20001438      0x104 CMakeFiles/Motion_Control_Card.dir/Hardware/H_Tmc2209.c.obj
                0x20001438                Motor
 .bss.Serial3_RxData
                0x2000153c        0x1 CMakeFiles/Motion_Control_Card.dir/Hardware/Serial.c.obj
                0x2000153c                Serial3_RxData
 *fill*         0x2000153d        0x3 
 .bss.Serial3_RxPacket
                0x20001540        0xa CMakeFiles/Motion_Control_Card.dir/Hardware/Serial.c.obj
                0x20001540                Serial3_RxPacket
 *fill*         0x2000154a        0x2 
 .bss.serial3PacketQueue
                0x2000154c        0x4 CMakeFiles/Motion_Control_Card.dir/Hardware/Serial.c.obj
                0x2000154c                serial3PacketQueue
 .bss.RxState.1
                0x20001550        0x1 CMakeFiles/Motion_Control_Card.dir/Hardware/Serial.c.obj
 .bss.pRxPacket.0
                0x20001551        0x1 CMakeFiles/Motion_Control_Card.dir/Hardware/Serial.c.obj
 *(COMMON)
                0x20001554                        . = ALIGN (0x4)
 *fill*         0x20001552        0x2 
                0x20001554                        _ebss = .
                0x20001554                        __bss_end__ = _ebss

._user_heap_stack
                0x20001554      0x604 load address 0x080077a0
                0x20001558                        . = ALIGN (0x8)
 *fill*         0x20001554        0x4 
                [!provide]                        PROVIDE (end = .)
                0x20001558                        PROVIDE (_end = .)
                0x20001758                        . = (. + _Min_Heap_Size)
 *fill*         0x20001558      0x200 
                0x20001b58                        . = (. + _Min_Stack_Size)
 *fill*         0x20001758      0x400 
                0x20001b58                        . = ALIGN (0x8)

/DISCARD/
 libc.a(*)
 libm.a(*)
 libgcc.a(*)
OUTPUT(Motion_Control_Card.elf elf32-littlearm)
LOAD linker stubs
LOAD C:/ST/STM32CubeCLT_1.17.0/GNU-tools-for-STM32/bin/../lib/gcc/arm-none-eabi/12.3.1/../../../../arm-none-eabi/lib/thumb/v7-m/nofp\libc.a
LOAD C:/ST/STM32CubeCLT_1.17.0/GNU-tools-for-STM32/bin/../lib/gcc/arm-none-eabi/12.3.1/../../../../arm-none-eabi/lib/thumb/v7-m/nofp\libm.a
LOAD C:/ST/STM32CubeCLT_1.17.0/GNU-tools-for-STM32/bin/../lib/gcc/arm-none-eabi/12.3.1/thumb/v7-m/nofp\libgcc.a

.ARM.attributes
                0x00000000       0x29
 .ARM.attributes
                0x00000000       0x1d C:/ST/STM32CubeCLT_1.17.0/GNU-tools-for-STM32/bin/../lib/gcc/arm-none-eabi/12.3.1/thumb/v7-m/nofp/crti.o
 .ARM.attributes
                0x0000001d       0x2d C:/ST/STM32CubeCLT_1.17.0/GNU-tools-for-STM32/bin/../lib/gcc/arm-none-eabi/12.3.1/thumb/v7-m/nofp/crtbegin.o
 .ARM.attributes
                0x0000004a       0x2d C:/ST/STM32CubeCLT_1.17.0/GNU-tools-for-STM32/bin/../lib/gcc/arm-none-eabi/12.3.1/../../../../arm-none-eabi/lib/thumb/v7-m/nofp\libc_nano.a(libc_a-memset.o)
 .ARM.attributes
                0x00000077       0x2d C:/ST/STM32CubeCLT_1.17.0/GNU-tools-for-STM32/bin/../lib/gcc/arm-none-eabi/12.3.1/../../../../arm-none-eabi/lib/thumb/v7-m/nofp\libc_nano.a(libc_a-init.o)
 .ARM.attributes
                0x000000a4       0x2d cmake/stm32cubemx/CMakeFiles/STM32_Drivers.dir/__/__/Core/Src/system_stm32f1xx.c.obj
 .ARM.attributes
                0x000000d1       0x2d cmake/stm32cubemx/CMakeFiles/STM32_Drivers.dir/__/__/Drivers/STM32F1xx_HAL_Driver/Src/stm32f1xx_hal_tim.c.obj
 .ARM.attributes
                0x000000fe       0x2d cmake/stm32cubemx/CMakeFiles/STM32_Drivers.dir/__/__/Drivers/STM32F1xx_HAL_Driver/Src/stm32f1xx_hal_tim_ex.c.obj
 .ARM.attributes
                0x0000012b       0x2d cmake/stm32cubemx/CMakeFiles/STM32_Drivers.dir/__/__/Drivers/STM32F1xx_HAL_Driver/Src/stm32f1xx_hal.c.obj
 .ARM.attributes
                0x00000158       0x2d cmake/stm32cubemx/CMakeFiles/STM32_Drivers.dir/__/__/Drivers/STM32F1xx_HAL_Driver/Src/stm32f1xx_hal_rcc.c.obj
 .ARM.attributes
                0x00000185       0x2d cmake/stm32cubemx/CMakeFiles/STM32_Drivers.dir/__/__/Drivers/STM32F1xx_HAL_Driver/Src/stm32f1xx_hal_gpio.c.obj
 .ARM.attributes
                0x000001b2       0x2d cmake/stm32cubemx/CMakeFiles/STM32_Drivers.dir/__/__/Drivers/STM32F1xx_HAL_Driver/Src/stm32f1xx_hal_dma.c.obj
 .ARM.attributes
                0x000001df       0x2d cmake/stm32cubemx/CMakeFiles/STM32_Drivers.dir/__/__/Drivers/STM32F1xx_HAL_Driver/Src/stm32f1xx_hal_cortex.c.obj
 .ARM.attributes
                0x0000020c       0x2d cmake/stm32cubemx/CMakeFiles/STM32_Drivers.dir/__/__/Drivers/STM32F1xx_HAL_Driver/Src/stm32f1xx_hal_uart.c.obj
 .ARM.attributes
                0x00000239       0x2d cmake/stm32cubemx/CMakeFiles/FreeRTOS.dir/__/__/Middlewares/Third_Party/FreeRTOS/Source/list.c.obj
 .ARM.attributes
                0x00000266       0x2d cmake/stm32cubemx/CMakeFiles/FreeRTOS.dir/__/__/Middlewares/Third_Party/FreeRTOS/Source/queue.c.obj
 .ARM.attributes
                0x00000293       0x2d cmake/stm32cubemx/CMakeFiles/FreeRTOS.dir/__/__/Middlewares/Third_Party/FreeRTOS/Source/tasks.c.obj
 .ARM.attributes
                0x000002c0       0x2d cmake/stm32cubemx/CMakeFiles/FreeRTOS.dir/__/__/Middlewares/Third_Party/FreeRTOS/Source/CMSIS_RTOS/cmsis_os.c.obj
 .ARM.attributes
                0x000002ed       0x2d cmake/stm32cubemx/CMakeFiles/FreeRTOS.dir/__/__/Middlewares/Third_Party/FreeRTOS/Source/portable/MemMang/heap_4.c.obj
 .ARM.attributes
                0x0000031a       0x2d cmake/stm32cubemx/CMakeFiles/FreeRTOS.dir/__/__/Middlewares/Third_Party/FreeRTOS/Source/portable/GCC/ARM_CM3/port.c.obj
 .ARM.attributes
                0x00000347       0x2d CMakeFiles/Motion_Control_Card.dir/Core/Src/main.c.obj
 .ARM.attributes
                0x00000374       0x2d CMakeFiles/Motion_Control_Card.dir/Core/Src/gpio.c.obj
 .ARM.attributes
                0x000003a1       0x2d CMakeFiles/Motion_Control_Card.dir/Core/Src/freertos.c.obj
 .ARM.attributes
                0x000003ce       0x2d CMakeFiles/Motion_Control_Card.dir/Core/Src/dma.c.obj
 .ARM.attributes
                0x000003fb       0x2d CMakeFiles/Motion_Control_Card.dir/Core/Src/tim.c.obj
 .ARM.attributes
                0x00000428       0x2d CMakeFiles/Motion_Control_Card.dir/Core/Src/usart.c.obj
 .ARM.attributes
                0x00000455       0x2d CMakeFiles/Motion_Control_Card.dir/Core/Src/stm32f1xx_it.c.obj
 .ARM.attributes
                0x00000482       0x2d CMakeFiles/Motion_Control_Card.dir/Core/Src/stm32f1xx_hal_msp.c.obj
 .ARM.attributes
                0x000004af       0x2d CMakeFiles/Motion_Control_Card.dir/Core/Src/stm32f1xx_hal_timebase_tim.c.obj
 .ARM.attributes
                0x000004dc       0x21 CMakeFiles/Motion_Control_Card.dir/startup_stm32f103xe.s.obj
 .ARM.attributes
                0x000004fd       0x2d CMakeFiles/Motion_Control_Card.dir/Applications/control.c.obj
 .ARM.attributes
                0x0000052a       0x2d CMakeFiles/Motion_Control_Card.dir/Applications/include.c.obj
 .ARM.attributes
                0x00000557       0x2d CMakeFiles/Motion_Control_Card.dir/Applications/math.c.obj
 .ARM.attributes
                0x00000584       0x2d CMakeFiles/Motion_Control_Card.dir/Hardware/H_Tmc2209.c.obj
 .ARM.attributes
                0x000005b1       0x2d CMakeFiles/Motion_Control_Card.dir/Hardware/INPUT.c.obj
 .ARM.attributes
                0x000005de       0x2d CMakeFiles/Motion_Control_Card.dir/Hardware/OUTPUT.c.obj
 .ARM.attributes
                0x0000060b       0x2d CMakeFiles/Motion_Control_Card.dir/Hardware/Serial.c.obj
 .ARM.attributes
                0x00000638       0x2d C:/ST/STM32CubeCLT_1.17.0/GNU-tools-for-STM32/bin/../lib/gcc/arm-none-eabi/12.3.1/../../../../arm-none-eabi/lib/thumb/v7-m/nofp\libg_nano.a(libc_a-memcpy-stub.o)
 .ARM.attributes
                0x00000665       0x1d C:/ST/STM32CubeCLT_1.17.0/GNU-tools-for-STM32/bin/../lib/gcc/arm-none-eabi/12.3.1/thumb/v7-m/nofp/crtn.o

.comment        0x00000000       0x43
 .comment       0x00000000       0x43 cmake/stm32cubemx/CMakeFiles/STM32_Drivers.dir/__/__/Core/Src/system_stm32f1xx.c.obj
                                 0x44 (size before relaxing)
 .comment       0x00000043       0x44 cmake/stm32cubemx/CMakeFiles/STM32_Drivers.dir/__/__/Drivers/STM32F1xx_HAL_Driver/Src/stm32f1xx_hal_tim.c.obj
 .comment       0x00000043       0x44 cmake/stm32cubemx/CMakeFiles/STM32_Drivers.dir/__/__/Drivers/STM32F1xx_HAL_Driver/Src/stm32f1xx_hal_tim_ex.c.obj
 .comment       0x00000043       0x44 cmake/stm32cubemx/CMakeFiles/STM32_Drivers.dir/__/__/Drivers/STM32F1xx_HAL_Driver/Src/stm32f1xx_hal.c.obj
 .comment       0x00000043       0x44 cmake/stm32cubemx/CMakeFiles/STM32_Drivers.dir/__/__/Drivers/STM32F1xx_HAL_Driver/Src/stm32f1xx_hal_rcc.c.obj
 .comment       0x00000043       0x44 cmake/stm32cubemx/CMakeFiles/STM32_Drivers.dir/__/__/Drivers/STM32F1xx_HAL_Driver/Src/stm32f1xx_hal_gpio.c.obj
 .comment       0x00000043       0x44 cmake/stm32cubemx/CMakeFiles/STM32_Drivers.dir/__/__/Drivers/STM32F1xx_HAL_Driver/Src/stm32f1xx_hal_dma.c.obj
 .comment       0x00000043       0x44 cmake/stm32cubemx/CMakeFiles/STM32_Drivers.dir/__/__/Drivers/STM32F1xx_HAL_Driver/Src/stm32f1xx_hal_cortex.c.obj
 .comment       0x00000043       0x44 cmake/stm32cubemx/CMakeFiles/STM32_Drivers.dir/__/__/Drivers/STM32F1xx_HAL_Driver/Src/stm32f1xx_hal_uart.c.obj
 .comment       0x00000043       0x44 cmake/stm32cubemx/CMakeFiles/FreeRTOS.dir/__/__/Middlewares/Third_Party/FreeRTOS/Source/list.c.obj
 .comment       0x00000043       0x44 cmake/stm32cubemx/CMakeFiles/FreeRTOS.dir/__/__/Middlewares/Third_Party/FreeRTOS/Source/queue.c.obj
 .comment       0x00000043       0x44 cmake/stm32cubemx/CMakeFiles/FreeRTOS.dir/__/__/Middlewares/Third_Party/FreeRTOS/Source/tasks.c.obj
 .comment       0x00000043       0x44 cmake/stm32cubemx/CMakeFiles/FreeRTOS.dir/__/__/Middlewares/Third_Party/FreeRTOS/Source/CMSIS_RTOS/cmsis_os.c.obj
 .comment       0x00000043       0x44 cmake/stm32cubemx/CMakeFiles/FreeRTOS.dir/__/__/Middlewares/Third_Party/FreeRTOS/Source/portable/MemMang/heap_4.c.obj
 .comment       0x00000043       0x44 cmake/stm32cubemx/CMakeFiles/FreeRTOS.dir/__/__/Middlewares/Third_Party/FreeRTOS/Source/portable/GCC/ARM_CM3/port.c.obj
 .comment       0x00000043       0x44 CMakeFiles/Motion_Control_Card.dir/Core/Src/main.c.obj
 .comment       0x00000043       0x44 CMakeFiles/Motion_Control_Card.dir/Core/Src/gpio.c.obj
 .comment       0x00000043       0x44 CMakeFiles/Motion_Control_Card.dir/Core/Src/freertos.c.obj
 .comment       0x00000043       0x44 CMakeFiles/Motion_Control_Card.dir/Core/Src/dma.c.obj
 .comment       0x00000043       0x44 CMakeFiles/Motion_Control_Card.dir/Core/Src/tim.c.obj
 .comment       0x00000043       0x44 CMakeFiles/Motion_Control_Card.dir/Core/Src/usart.c.obj
 .comment       0x00000043       0x44 CMakeFiles/Motion_Control_Card.dir/Core/Src/stm32f1xx_it.c.obj
 .comment       0x00000043       0x44 CMakeFiles/Motion_Control_Card.dir/Core/Src/stm32f1xx_hal_msp.c.obj
 .comment       0x00000043       0x44 CMakeFiles/Motion_Control_Card.dir/Core/Src/stm32f1xx_hal_timebase_tim.c.obj
 .comment       0x00000043       0x44 CMakeFiles/Motion_Control_Card.dir/Applications/control.c.obj
 .comment       0x00000043       0x44 CMakeFiles/Motion_Control_Card.dir/Applications/include.c.obj
 .comment       0x00000043       0x44 CMakeFiles/Motion_Control_Card.dir/Applications/math.c.obj
 .comment       0x00000043       0x44 CMakeFiles/Motion_Control_Card.dir/Hardware/H_Tmc2209.c.obj
 .comment       0x00000043       0x44 CMakeFiles/Motion_Control_Card.dir/Hardware/INPUT.c.obj
 .comment       0x00000043       0x44 CMakeFiles/Motion_Control_Card.dir/Hardware/OUTPUT.c.obj
 .comment       0x00000043       0x44 CMakeFiles/Motion_Control_Card.dir/Hardware/Serial.c.obj
 .comment       0x00000043       0x44 C:/ST/STM32CubeCLT_1.17.0/GNU-tools-for-STM32/bin/../lib/gcc/arm-none-eabi/12.3.1/../../../../arm-none-eabi/lib/thumb/v7-m/nofp\libg_nano.a(libc_a-memcpy-stub.o)

.debug_frame    0x00000000     0x5030
 .debug_frame   0x00000000       0x20 C:/ST/STM32CubeCLT_1.17.0/GNU-tools-for-STM32/bin/../lib/gcc/arm-none-eabi/12.3.1/../../../../arm-none-eabi/lib/thumb/v7-m/nofp\libc_nano.a(libc_a-memset.o)
 .debug_frame   0x00000020       0x2c C:/ST/STM32CubeCLT_1.17.0/GNU-tools-for-STM32/bin/../lib/gcc/arm-none-eabi/12.3.1/../../../../arm-none-eabi/lib/thumb/v7-m/nofp\libc_nano.a(libc_a-init.o)
 .debug_frame   0x0000004c       0x58 cmake/stm32cubemx/CMakeFiles/STM32_Drivers.dir/__/__/Core/Src/system_stm32f1xx.c.obj
 .debug_frame   0x000000a4     0x11b8 cmake/stm32cubemx/CMakeFiles/STM32_Drivers.dir/__/__/Drivers/STM32F1xx_HAL_Driver/Src/stm32f1xx_hal_tim.c.obj
 .debug_frame   0x0000125c      0x638 cmake/stm32cubemx/CMakeFiles/STM32_Drivers.dir/__/__/Drivers/STM32F1xx_HAL_Driver/Src/stm32f1xx_hal_tim_ex.c.obj
 .debug_frame   0x00001894      0x334 cmake/stm32cubemx/CMakeFiles/STM32_Drivers.dir/__/__/Drivers/STM32F1xx_HAL_Driver/Src/stm32f1xx_hal.c.obj
 .debug_frame   0x00001bc8      0x218 cmake/stm32cubemx/CMakeFiles/STM32_Drivers.dir/__/__/Drivers/STM32F1xx_HAL_Driver/Src/stm32f1xx_hal_rcc.c.obj
 .debug_frame   0x00001de0      0x14c cmake/stm32cubemx/CMakeFiles/STM32_Drivers.dir/__/__/Drivers/STM32F1xx_HAL_Driver/Src/stm32f1xx_hal_gpio.c.obj
 .debug_frame   0x00001f2c      0x20c cmake/stm32cubemx/CMakeFiles/STM32_Drivers.dir/__/__/Drivers/STM32F1xx_HAL_Driver/Src/stm32f1xx_hal_dma.c.obj
 .debug_frame   0x00002138      0x428 cmake/stm32cubemx/CMakeFiles/STM32_Drivers.dir/__/__/Drivers/STM32F1xx_HAL_Driver/Src/stm32f1xx_hal_cortex.c.obj
 .debug_frame   0x00002560      0x944 cmake/stm32cubemx/CMakeFiles/STM32_Drivers.dir/__/__/Drivers/STM32F1xx_HAL_Driver/Src/stm32f1xx_hal_uart.c.obj
 .debug_frame   0x00002ea4       0xd8 cmake/stm32cubemx/CMakeFiles/FreeRTOS.dir/__/__/Middlewares/Third_Party/FreeRTOS/Source/list.c.obj
 .debug_frame   0x00002f7c      0x46c cmake/stm32cubemx/CMakeFiles/FreeRTOS.dir/__/__/Middlewares/Third_Party/FreeRTOS/Source/queue.c.obj
 .debug_frame   0x000033e8      0x7a0 cmake/stm32cubemx/CMakeFiles/FreeRTOS.dir/__/__/Middlewares/Third_Party/FreeRTOS/Source/tasks.c.obj
 .debug_frame   0x00003b88      0x808 cmake/stm32cubemx/CMakeFiles/FreeRTOS.dir/__/__/Middlewares/Third_Party/FreeRTOS/Source/CMSIS_RTOS/cmsis_os.c.obj
 .debug_frame   0x00004390      0x12c cmake/stm32cubemx/CMakeFiles/FreeRTOS.dir/__/__/Middlewares/Third_Party/FreeRTOS/Source/portable/MemMang/heap_4.c.obj
 .debug_frame   0x000044bc      0x198 cmake/stm32cubemx/CMakeFiles/FreeRTOS.dir/__/__/Middlewares/Third_Party/FreeRTOS/Source/portable/GCC/ARM_CM3/port.c.obj
 .debug_frame   0x00004654       0x8c CMakeFiles/Motion_Control_Card.dir/Core/Src/main.c.obj
 .debug_frame   0x000046e0       0x34 CMakeFiles/Motion_Control_Card.dir/Core/Src/gpio.c.obj
 .debug_frame   0x00004714       0x80 CMakeFiles/Motion_Control_Card.dir/Core/Src/freertos.c.obj
 .debug_frame   0x00004794       0x34 CMakeFiles/Motion_Control_Card.dir/Core/Src/dma.c.obj
 .debug_frame   0x000047c8      0x19c CMakeFiles/Motion_Control_Card.dir/Core/Src/tim.c.obj
 .debug_frame   0x00004964       0x90 CMakeFiles/Motion_Control_Card.dir/Core/Src/usart.c.obj
 .debug_frame   0x000049f4      0x1c0 CMakeFiles/Motion_Control_Card.dir/Core/Src/stm32f1xx_it.c.obj
 .debug_frame   0x00004bb4       0x34 CMakeFiles/Motion_Control_Card.dir/Core/Src/stm32f1xx_hal_msp.c.obj
 .debug_frame   0x00004be8       0x74 CMakeFiles/Motion_Control_Card.dir/Core/Src/stm32f1xx_hal_timebase_tim.c.obj
 .debug_frame   0x00004c5c       0x30 CMakeFiles/Motion_Control_Card.dir/Applications/control.c.obj
 .debug_frame   0x00004c8c       0x68 CMakeFiles/Motion_Control_Card.dir/Applications/math.c.obj
 .debug_frame   0x00004cf4       0xb0 CMakeFiles/Motion_Control_Card.dir/Hardware/H_Tmc2209.c.obj
 .debug_frame   0x00004da4       0x54 CMakeFiles/Motion_Control_Card.dir/Hardware/INPUT.c.obj
 .debug_frame   0x00004df8       0x58 CMakeFiles/Motion_Control_Card.dir/Hardware/OUTPUT.c.obj
 .debug_frame   0x00004e50      0x1b8 CMakeFiles/Motion_Control_Card.dir/Hardware/Serial.c.obj
 .debug_frame   0x00005008       0x28 C:/ST/STM32CubeCLT_1.17.0/GNU-tools-for-STM32/bin/../lib/gcc/arm-none-eabi/12.3.1/../../../../arm-none-eabi/lib/thumb/v7-m/nofp\libg_nano.a(libc_a-memcpy-stub.o)

.debug_info     0x00000000    0x16bab
 .debug_info    0x00000000      0x222 cmake/stm32cubemx/CMakeFiles/STM32_Drivers.dir/__/__/Core/Src/system_stm32f1xx.c.obj
 .debug_info    0x00000222     0x2959 cmake/stm32cubemx/CMakeFiles/STM32_Drivers.dir/__/__/Drivers/STM32F1xx_HAL_Driver/Src/stm32f1xx_hal_tim.c.obj
 .debug_info    0x00002b7b     0x149b cmake/stm32cubemx/CMakeFiles/STM32_Drivers.dir/__/__/Drivers/STM32F1xx_HAL_Driver/Src/stm32f1xx_hal_tim_ex.c.obj
 .debug_info    0x00004016      0x76a cmake/stm32cubemx/CMakeFiles/STM32_Drivers.dir/__/__/Drivers/STM32F1xx_HAL_Driver/Src/stm32f1xx_hal.c.obj
 .debug_info    0x00004780      0x7d5 cmake/stm32cubemx/CMakeFiles/STM32_Drivers.dir/__/__/Drivers/STM32F1xx_HAL_Driver/Src/stm32f1xx_hal_rcc.c.obj
 .debug_info    0x00004f55      0x5ab cmake/stm32cubemx/CMakeFiles/STM32_Drivers.dir/__/__/Drivers/STM32F1xx_HAL_Driver/Src/stm32f1xx_hal_gpio.c.obj
 .debug_info    0x00005500      0x6d2 cmake/stm32cubemx/CMakeFiles/STM32_Drivers.dir/__/__/Drivers/STM32F1xx_HAL_Driver/Src/stm32f1xx_hal_dma.c.obj
 .debug_info    0x00005bd2      0xaed cmake/stm32cubemx/CMakeFiles/STM32_Drivers.dir/__/__/Drivers/STM32F1xx_HAL_Driver/Src/stm32f1xx_hal_cortex.c.obj
 .debug_info    0x000066bf     0x2eed cmake/stm32cubemx/CMakeFiles/STM32_Drivers.dir/__/__/Drivers/STM32F1xx_HAL_Driver/Src/stm32f1xx_hal_uart.c.obj
 .debug_info    0x000095ac      0x2af cmake/stm32cubemx/CMakeFiles/FreeRTOS.dir/__/__/Middlewares/Third_Party/FreeRTOS/Source/list.c.obj
 .debug_info    0x0000985b     0x17cd cmake/stm32cubemx/CMakeFiles/FreeRTOS.dir/__/__/Middlewares/Third_Party/FreeRTOS/Source/queue.c.obj
 .debug_info    0x0000b028     0x1d79 cmake/stm32cubemx/CMakeFiles/FreeRTOS.dir/__/__/Middlewares/Third_Party/FreeRTOS/Source/tasks.c.obj
 .debug_info    0x0000cda1     0x1b90 cmake/stm32cubemx/CMakeFiles/FreeRTOS.dir/__/__/Middlewares/Third_Party/FreeRTOS/Source/CMSIS_RTOS/cmsis_os.c.obj
 .debug_info    0x0000e931      0x4d5 cmake/stm32cubemx/CMakeFiles/FreeRTOS.dir/__/__/Middlewares/Third_Party/FreeRTOS/Source/portable/MemMang/heap_4.c.obj
 .debug_info    0x0000ee06      0x494 cmake/stm32cubemx/CMakeFiles/FreeRTOS.dir/__/__/Middlewares/Third_Party/FreeRTOS/Source/portable/GCC/ARM_CM3/port.c.obj
 .debug_info    0x0000f29a      0xbcd CMakeFiles/Motion_Control_Card.dir/Core/Src/main.c.obj
 .debug_info    0x0000fe67      0x2d3 CMakeFiles/Motion_Control_Card.dir/Core/Src/gpio.c.obj
 .debug_info    0x0001013a      0x512 CMakeFiles/Motion_Control_Card.dir/Core/Src/freertos.c.obj
 .debug_info    0x0001064c      0x335 CMakeFiles/Motion_Control_Card.dir/Core/Src/dma.c.obj
 .debug_info    0x00010981     0x105d CMakeFiles/Motion_Control_Card.dir/Core/Src/tim.c.obj
 .debug_info    0x000119de      0xae3 CMakeFiles/Motion_Control_Card.dir/Core/Src/usart.c.obj
 .debug_info    0x000124c1      0xa01 CMakeFiles/Motion_Control_Card.dir/Core/Src/stm32f1xx_it.c.obj
 .debug_info    0x00012ec2      0x3c7 CMakeFiles/Motion_Control_Card.dir/Core/Src/stm32f1xx_hal_msp.c.obj
 .debug_info    0x00013289      0xa0e CMakeFiles/Motion_Control_Card.dir/Core/Src/stm32f1xx_hal_timebase_tim.c.obj
 .debug_info    0x00013c97       0x30 CMakeFiles/Motion_Control_Card.dir/startup_stm32f103xe.s.obj
 .debug_info    0x00013cc7      0x30e CMakeFiles/Motion_Control_Card.dir/Applications/control.c.obj
 .debug_info    0x00013fd5      0x85a CMakeFiles/Motion_Control_Card.dir/Applications/include.c.obj
 .debug_info    0x0001482f      0x1de CMakeFiles/Motion_Control_Card.dir/Applications/math.c.obj
 .debug_info    0x00014a0d      0xa6a CMakeFiles/Motion_Control_Card.dir/Hardware/H_Tmc2209.c.obj
 .debug_info    0x00015477      0x2b8 CMakeFiles/Motion_Control_Card.dir/Hardware/INPUT.c.obj
 .debug_info    0x0001572f      0x218 CMakeFiles/Motion_Control_Card.dir/Hardware/OUTPUT.c.obj
 .debug_info    0x00015947     0x1143 CMakeFiles/Motion_Control_Card.dir/Hardware/Serial.c.obj
 .debug_info    0x00016a8a      0x121 C:/ST/STM32CubeCLT_1.17.0/GNU-tools-for-STM32/bin/../lib/gcc/arm-none-eabi/12.3.1/../../../../arm-none-eabi/lib/thumb/v7-m/nofp\libg_nano.a(libc_a-memcpy-stub.o)

.debug_abbrev   0x00000000     0x412e
 .debug_abbrev  0x00000000      0x13f cmake/stm32cubemx/CMakeFiles/STM32_Drivers.dir/__/__/Core/Src/system_stm32f1xx.c.obj
 .debug_abbrev  0x0000013f      0x277 cmake/stm32cubemx/CMakeFiles/STM32_Drivers.dir/__/__/Drivers/STM32F1xx_HAL_Driver/Src/stm32f1xx_hal_tim.c.obj
 .debug_abbrev  0x000003b6      0x282 cmake/stm32cubemx/CMakeFiles/STM32_Drivers.dir/__/__/Drivers/STM32F1xx_HAL_Driver/Src/stm32f1xx_hal_tim_ex.c.obj
 .debug_abbrev  0x00000638      0x201 cmake/stm32cubemx/CMakeFiles/STM32_Drivers.dir/__/__/Drivers/STM32F1xx_HAL_Driver/Src/stm32f1xx_hal.c.obj
 .debug_abbrev  0x00000839      0x2b3 cmake/stm32cubemx/CMakeFiles/STM32_Drivers.dir/__/__/Drivers/STM32F1xx_HAL_Driver/Src/stm32f1xx_hal_rcc.c.obj
 .debug_abbrev  0x00000aec      0x1ca cmake/stm32cubemx/CMakeFiles/STM32_Drivers.dir/__/__/Drivers/STM32F1xx_HAL_Driver/Src/stm32f1xx_hal_gpio.c.obj
 .debug_abbrev  0x00000cb6      0x20b cmake/stm32cubemx/CMakeFiles/STM32_Drivers.dir/__/__/Drivers/STM32F1xx_HAL_Driver/Src/stm32f1xx_hal_dma.c.obj
 .debug_abbrev  0x00000ec1      0x2f8 cmake/stm32cubemx/CMakeFiles/STM32_Drivers.dir/__/__/Drivers/STM32F1xx_HAL_Driver/Src/stm32f1xx_hal_cortex.c.obj
 .debug_abbrev  0x000011b9      0x2f8 cmake/stm32cubemx/CMakeFiles/STM32_Drivers.dir/__/__/Drivers/STM32F1xx_HAL_Driver/Src/stm32f1xx_hal_uart.c.obj
 .debug_abbrev  0x000014b1       0xf5 cmake/stm32cubemx/CMakeFiles/FreeRTOS.dir/__/__/Middlewares/Third_Party/FreeRTOS/Source/list.c.obj
 .debug_abbrev  0x000015a6      0x3b5 cmake/stm32cubemx/CMakeFiles/FreeRTOS.dir/__/__/Middlewares/Third_Party/FreeRTOS/Source/queue.c.obj
 .debug_abbrev  0x0000195b      0x359 cmake/stm32cubemx/CMakeFiles/FreeRTOS.dir/__/__/Middlewares/Third_Party/FreeRTOS/Source/tasks.c.obj
 .debug_abbrev  0x00001cb4      0x3a7 cmake/stm32cubemx/CMakeFiles/FreeRTOS.dir/__/__/Middlewares/Third_Party/FreeRTOS/Source/CMSIS_RTOS/cmsis_os.c.obj
 .debug_abbrev  0x0000205b      0x21d cmake/stm32cubemx/CMakeFiles/FreeRTOS.dir/__/__/Middlewares/Third_Party/FreeRTOS/Source/portable/MemMang/heap_4.c.obj
 .debug_abbrev  0x00002278      0x258 cmake/stm32cubemx/CMakeFiles/FreeRTOS.dir/__/__/Middlewares/Third_Party/FreeRTOS/Source/portable/GCC/ARM_CM3/port.c.obj
 .debug_abbrev  0x000024d0      0x280 CMakeFiles/Motion_Control_Card.dir/Core/Src/main.c.obj
 .debug_abbrev  0x00002750      0x13f CMakeFiles/Motion_Control_Card.dir/Core/Src/gpio.c.obj
 .debug_abbrev  0x0000288f      0x184 CMakeFiles/Motion_Control_Card.dir/Core/Src/freertos.c.obj
 .debug_abbrev  0x00002a13       0xfc CMakeFiles/Motion_Control_Card.dir/Core/Src/dma.c.obj
 .debug_abbrev  0x00002b0f      0x274 CMakeFiles/Motion_Control_Card.dir/Core/Src/tim.c.obj
 .debug_abbrev  0x00002d83      0x232 CMakeFiles/Motion_Control_Card.dir/Core/Src/usart.c.obj
 .debug_abbrev  0x00002fb5      0x1a3 CMakeFiles/Motion_Control_Card.dir/Core/Src/stm32f1xx_it.c.obj
 .debug_abbrev  0x00003158      0x11c CMakeFiles/Motion_Control_Card.dir/Core/Src/stm32f1xx_hal_msp.c.obj
 .debug_abbrev  0x00003274      0x1f3 CMakeFiles/Motion_Control_Card.dir/Core/Src/stm32f1xx_hal_timebase_tim.c.obj
 .debug_abbrev  0x00003467       0x24 CMakeFiles/Motion_Control_Card.dir/startup_stm32f103xe.s.obj
 .debug_abbrev  0x0000348b      0x164 CMakeFiles/Motion_Control_Card.dir/Applications/control.c.obj
 .debug_abbrev  0x000035ef      0x146 CMakeFiles/Motion_Control_Card.dir/Applications/include.c.obj
 .debug_abbrev  0x00003735      0x10d CMakeFiles/Motion_Control_Card.dir/Applications/math.c.obj
 .debug_abbrev  0x00003842      0x1fb CMakeFiles/Motion_Control_Card.dir/Hardware/H_Tmc2209.c.obj
 .debug_abbrev  0x00003a3d      0x193 CMakeFiles/Motion_Control_Card.dir/Hardware/INPUT.c.obj
 .debug_abbrev  0x00003bd0      0x159 CMakeFiles/Motion_Control_Card.dir/Hardware/OUTPUT.c.obj
 .debug_abbrev  0x00003d29      0x344 CMakeFiles/Motion_Control_Card.dir/Hardware/Serial.c.obj
 .debug_abbrev  0x0000406d       0xc1 C:/ST/STM32CubeCLT_1.17.0/GNU-tools-for-STM32/bin/../lib/gcc/arm-none-eabi/12.3.1/../../../../arm-none-eabi/lib/thumb/v7-m/nofp\libg_nano.a(libc_a-memcpy-stub.o)

.debug_aranges  0x00000000     0x1438
 .debug_aranges
                0x00000000       0x28 cmake/stm32cubemx/CMakeFiles/STM32_Drivers.dir/__/__/Core/Src/system_stm32f1xx.c.obj
 .debug_aranges
                0x00000028      0x3d0 cmake/stm32cubemx/CMakeFiles/STM32_Drivers.dir/__/__/Drivers/STM32F1xx_HAL_Driver/Src/stm32f1xx_hal_tim.c.obj
 .debug_aranges
                0x000003f8      0x168 cmake/stm32cubemx/CMakeFiles/STM32_Drivers.dir/__/__/Drivers/STM32F1xx_HAL_Driver/Src/stm32f1xx_hal_tim_ex.c.obj
 .debug_aranges
                0x00000560       0xe0 cmake/stm32cubemx/CMakeFiles/STM32_Drivers.dir/__/__/Drivers/STM32F1xx_HAL_Driver/Src/stm32f1xx_hal.c.obj
 .debug_aranges
                0x00000640       0x90 cmake/stm32cubemx/CMakeFiles/STM32_Drivers.dir/__/__/Drivers/STM32F1xx_HAL_Driver/Src/stm32f1xx_hal_rcc.c.obj
 .debug_aranges
                0x000006d0       0x58 cmake/stm32cubemx/CMakeFiles/STM32_Drivers.dir/__/__/Drivers/STM32F1xx_HAL_Driver/Src/stm32f1xx_hal_gpio.c.obj
 .debug_aranges
                0x00000728       0x80 cmake/stm32cubemx/CMakeFiles/STM32_Drivers.dir/__/__/Drivers/STM32F1xx_HAL_Driver/Src/stm32f1xx_hal_dma.c.obj
 .debug_aranges
                0x000007a8      0x100 cmake/stm32cubemx/CMakeFiles/STM32_Drivers.dir/__/__/Drivers/STM32F1xx_HAL_Driver/Src/stm32f1xx_hal_cortex.c.obj
 .debug_aranges
                0x000008a8      0x208 cmake/stm32cubemx/CMakeFiles/STM32_Drivers.dir/__/__/Drivers/STM32F1xx_HAL_Driver/Src/stm32f1xx_hal_uart.c.obj
 .debug_aranges
                0x00000ab0       0x40 cmake/stm32cubemx/CMakeFiles/FreeRTOS.dir/__/__/Middlewares/Third_Party/FreeRTOS/Source/list.c.obj
 .debug_aranges
                0x00000af0      0x108 cmake/stm32cubemx/CMakeFiles/FreeRTOS.dir/__/__/Middlewares/Third_Party/FreeRTOS/Source/queue.c.obj
 .debug_aranges
                0x00000bf8      0x1c0 cmake/stm32cubemx/CMakeFiles/FreeRTOS.dir/__/__/Middlewares/Third_Party/FreeRTOS/Source/tasks.c.obj
 .debug_aranges
                0x00000db8      0x1d8 cmake/stm32cubemx/CMakeFiles/FreeRTOS.dir/__/__/Middlewares/Third_Party/FreeRTOS/Source/CMSIS_RTOS/cmsis_os.c.obj
 .debug_aranges
                0x00000f90       0x58 cmake/stm32cubemx/CMakeFiles/FreeRTOS.dir/__/__/Middlewares/Third_Party/FreeRTOS/Source/portable/MemMang/heap_4.c.obj
 .debug_aranges
                0x00000fe8       0x78 cmake/stm32cubemx/CMakeFiles/FreeRTOS.dir/__/__/Middlewares/Third_Party/FreeRTOS/Source/portable/GCC/ARM_CM3/port.c.obj
 .debug_aranges
                0x00001060       0x38 CMakeFiles/Motion_Control_Card.dir/Core/Src/main.c.obj
 .debug_aranges
                0x00001098       0x20 CMakeFiles/Motion_Control_Card.dir/Core/Src/gpio.c.obj
 .debug_aranges
                0x000010b8       0x30 CMakeFiles/Motion_Control_Card.dir/Core/Src/freertos.c.obj
 .debug_aranges
                0x000010e8       0x20 CMakeFiles/Motion_Control_Card.dir/Core/Src/dma.c.obj
 .debug_aranges
                0x00001108       0x70 CMakeFiles/Motion_Control_Card.dir/Core/Src/tim.c.obj
 .debug_aranges
                0x00001178       0x38 CMakeFiles/Motion_Control_Card.dir/Core/Src/usart.c.obj
 .debug_aranges
                0x000011b0       0x98 CMakeFiles/Motion_Control_Card.dir/Core/Src/stm32f1xx_it.c.obj
 .debug_aranges
                0x00001248       0x20 CMakeFiles/Motion_Control_Card.dir/Core/Src/stm32f1xx_hal_msp.c.obj
 .debug_aranges
                0x00001268       0x30 CMakeFiles/Motion_Control_Card.dir/Core/Src/stm32f1xx_hal_timebase_tim.c.obj
 .debug_aranges
                0x00001298       0x28 CMakeFiles/Motion_Control_Card.dir/startup_stm32f103xe.s.obj
 .debug_aranges
                0x000012c0       0x20 CMakeFiles/Motion_Control_Card.dir/Applications/control.c.obj
 .debug_aranges
                0x000012e0       0x18 CMakeFiles/Motion_Control_Card.dir/Applications/include.c.obj
 .debug_aranges
                0x000012f8       0x28 CMakeFiles/Motion_Control_Card.dir/Applications/math.c.obj
 .debug_aranges
                0x00001320       0x38 CMakeFiles/Motion_Control_Card.dir/Hardware/H_Tmc2209.c.obj
 .debug_aranges
                0x00001358       0x28 CMakeFiles/Motion_Control_Card.dir/Hardware/INPUT.c.obj
 .debug_aranges
                0x00001380       0x28 CMakeFiles/Motion_Control_Card.dir/Hardware/OUTPUT.c.obj
 .debug_aranges